Component: Arm Compiler for Embedded 6.22 Tool: armlink [5ee90200]

==============================================================================

Section Cross References

    startup_stm32l073xx.o(STACK) refers (Special) to heapauxi.o(.text) for __use_two_region_memory
    startup_stm32l073xx.o(HEAP) refers (Special) to heapauxi.o(.text) for __use_two_region_memory
    startup_stm32l073xx.o(RESET) refers (Special) to heapauxi.o(.text) for __use_two_region_memory
    startup_stm32l073xx.o(RESET) refers to startup_stm32l073xx.o(STACK) for __initial_sp
    startup_stm32l073xx.o(RESET) refers to startup_stm32l073xx.o(.text) for Reset_Handler
    startup_stm32l073xx.o(RESET) refers to stm32l0xx_it.o(.text.NMI_Handler) for NMI_Handler
    startup_stm32l073xx.o(RESET) refers to stm32l0xx_it.o(.text.HardFault_Handler) for HardFault_Handler
    startup_stm32l073xx.o(RESET) refers to stm32l0xx_it.o(.text.SVC_Handler) for SVC_Handler
    startup_stm32l073xx.o(RESET) refers to stm32l0xx_it.o(.text.PendSV_Handler) for PendSV_Handler
    startup_stm32l073xx.o(RESET) refers to stm32l0xx_it.o(.text.SysTick_Handler) for SysTick_Handler
    startup_stm32l073xx.o(RESET) refers to stm32l0xx_it.o(.text.EXTI4_15_IRQHandler) for EXTI4_15_IRQHandler
    startup_stm32l073xx.o(RESET) refers to stm32l0xx_it.o(.text.TIM3_IRQHandler) for TIM3_IRQHandler
    startup_stm32l073xx.o(RESET) refers to stm32l0xx_it.o(.text.TIM6_DAC_IRQHandler) for TIM6_DAC_IRQHandler
    startup_stm32l073xx.o(RESET) refers to stm32l0xx_it.o(.text.TIM7_IRQHandler) for TIM7_IRQHandler
    startup_stm32l073xx.o(RESET) refers to stm32l0xx_it.o(.text.USART2_IRQHandler) for USART2_IRQHandler
    startup_stm32l073xx.o(.text) refers (Special) to heapauxi.o(.text) for __use_two_region_memory
    startup_stm32l073xx.o(.text) refers to system_stm32l0xx.o(.text.SystemInit) for SystemInit
    startup_stm32l073xx.o(.text) refers to __main.o(!!!main) for __main
    startup_stm32l073xx.o(.text) refers to startup_stm32l073xx.o(HEAP) for Heap_Mem
    startup_stm32l073xx.o(.text) refers to startup_stm32l073xx.o(STACK) for Stack_Mem
    hw_vcom.o(.text.HW_VCOM_Init) refers to stm32l0xx_hal_uart.o(.text.HAL_UART_Init) for HAL_UART_Init
    hw_vcom.o(.text.HW_VCOM_Init) refers to main.o(.text.Error_Handler) for Error_Handler
    hw_vcom.o(.text.HW_VCOM_Init) refers to stm32l0xx_hal_uart.o(.text.HAL_UART_Receive_IT) for HAL_UART_Receive_IT
    hw_vcom.o(.text.HW_VCOM_Init) refers to hw_vcom.o(.bss..L_MergedGlobals) for [Anonymous Symbol]
    hw_vcom.o(.ARM.exidx.text.HW_VCOM_Init) refers to hw_vcom.o(.text.HW_VCOM_Init) for [Anonymous Symbol]
    hw_vcom.o(.ARM.exidx.text.DBGPrintf) refers to hw_vcom.o(.text.DBGPrintf) for [Anonymous Symbol]
    hw_vcom.o(.text.Printf) refers to vsprintf.o(.text) for vsprintf
    hw_vcom.o(.text.Printf) refers to rt_memcpy.o(.text) for __aeabi_memcpy
    hw_vcom.o(.text.Printf) refers to stm32l0xx_hal_uart.o(.text.HAL_UART_Transmit) for HAL_UART_Transmit
    hw_vcom.o(.text.Printf) refers to hw_vcom.o(.bss..L_MergedGlobals) for [Anonymous Symbol]
    hw_vcom.o(.text.Printf) refers to hw_vcom.o(.bss.buff) for [Anonymous Symbol]
    hw_vcom.o(.ARM.exidx.text.Printf) refers to hw_vcom.o(.text.Printf) for [Anonymous Symbol]
    hw_vcom.o(.text.HW_VCOM_TxData) refers to stm32l0xx_hal_uart.o(.text.HAL_UART_Transmit) for HAL_UART_Transmit
    hw_vcom.o(.text.HW_VCOM_TxData) refers to hw_vcom.o(.bss..L_MergedGlobals) for [Anonymous Symbol]
    hw_vcom.o(.text.HW_VCOM_TxData) refers to hw_vcom.o(.bss.buff) for [Anonymous Symbol]
    hw_vcom.o(.ARM.exidx.text.HW_VCOM_TxData) refers to hw_vcom.o(.text.HW_VCOM_TxData) for [Anonymous Symbol]
    hw_vcom.o(.text.HW_VCOM_RxCpltCallback) refers to hw_vcom.o(.text.Printf) for Printf
    hw_vcom.o(.text.HW_VCOM_RxCpltCallback) refers to stm32l0xx_hal_uart.o(.text.HAL_UART_Receive_IT) for HAL_UART_Receive_IT
    hw_vcom.o(.text.HW_VCOM_RxCpltCallback) refers to hw_vcom.o(.bss.uart_context) for [Anonymous Symbol]
    hw_vcom.o(.text.HW_VCOM_RxCpltCallback) refers to hw_vcom.o(.bss..L_MergedGlobals) for [Anonymous Symbol]
    hw_vcom.o(.ARM.exidx.text.HW_VCOM_RxCpltCallback) refers to hw_vcom.o(.text.HW_VCOM_RxCpltCallback) for [Anonymous Symbol]
    hw_vcom.o(.text.HAL_UART_ErrorCallback) refers to main.o(.text.Error_Handler) for Error_Handler
    hw_vcom.o(.ARM.exidx.text.HAL_UART_ErrorCallback) refers to hw_vcom.o(.text.HAL_UART_ErrorCallback) for [Anonymous Symbol]
    hw_vcom.o(.text.IsNewCharReceived) refers to hw_vcom.o(.bss.uart_context) for [Anonymous Symbol]
    hw_vcom.o(.ARM.exidx.text.IsNewCharReceived) refers to hw_vcom.o(.text.IsNewCharReceived) for [Anonymous Symbol]
    hw_vcom.o(.text.GetNewChar) refers to hw_vcom.o(.bss.uart_context) for [Anonymous Symbol]
    hw_vcom.o(.ARM.exidx.text.GetNewChar) refers to hw_vcom.o(.text.GetNewChar) for [Anonymous Symbol]
[...]
    [Anonymous Symbol]                       0x0800448c   Section        0  main.o(.text.HAL_UART_RxCpltCallback)
    [Anonymous Symbol]                       0x08004494   Section        0  stm32l0xx_hal_uart.o(.text.HAL_UART_Transmit)
    __arm_cp.10_0                            0x0800456c   Number         4  stm32l0xx_hal_uart.o(.text.HAL_UART_Transmit)
    [Anonymous Symbol]                       0x08004570   Section        0  main.o(.text.HAL_UART_TxCpltCallback)
    [Anonymous Symbol]                       0x08004574   Section        0  main.o(.text.HW_AdcReadChannel)
    __arm_cp.9_0                             0x08004604   Number         4  main.o(.text.HW_AdcReadChannel)
    __arm_cp.9_1                             0x08004608   Number         4  main.o(.text.HW_AdcReadChannel)
    __arm_cp.9_2                             0x0800460c   Number         4  main.o(.text.HW_AdcReadChannel)
    __arm_cp.9_3                             0x08004610   Number         4  main.o(.text.HW_AdcReadChannel)
    [Anonymous Symbol]                       0x08004614   Section        0  hw_vcom.o(.text.HW_VCOM_Init)
    __arm_cp.0_1                             0x08004658   Number         4  hw_vcom.o(.text.HW_VCOM_Init)
    [Anonymous Symbol]                       0x0800465c   Section        0  hw_vcom.o(.text.HW_VCOM_RxCpltCallback)
    __arm_cp.4_0                             0x080046a0   Number         4  hw_vcom.o(.text.HW_VCOM_RxCpltCallback)
    __arm_cp.4_1                             0x080046a4   Number         4  hw_vcom.o(.text.HW_VCOM_RxCpltCallback)
    [Anonymous Symbol]                       0x080046d4   Section        0  stm32l0xx_it.o(.text.HardFault_Handler)
    [Anonymous Symbol]                       0x080046d8   Section        0  hw_vcom.o(.text.IsNewCharReceived)
    __arm_cp.6_0                             0x080046fc   Number         4  hw_vcom.o(.text.IsNewCharReceived)
    [Anonymous Symbol]                       0x08004700   Section        0  stm32l0xx_it.o(.text.NMI_Handler)
    [Anonymous Symbol]                       0x08004702   Section        0  stm32l0xx_it.o(.text.PendSV_Handler)
    [Anonymous Symbol]                       0x08004704   Section        0  hw_vcom.o(.text.Printf)
    __arm_cp.2_0                             0x080047d0   Number         4  hw_vcom.o(.text.Printf)
    __arm_cp.2_1                             0x080047d4   Number         4  hw_vcom.o(.text.Printf)
    __arm_cp.2_2                             0x080047d8   Number         4  hw_vcom.o(.text.Printf)
    [Anonymous Symbol]                       0x080047dc   Section        0  stm32l0xx_it.o(.text.SVC_Handler)
    [Anonymous Symbol]                       0x080047de   Section        0  stm32l0xx_it.o(.text.SysTick_Handler)
    [Anonymous Symbol]                       0x080047e6   Section        0  system_stm32l0xx.o(.text.SystemInit)
    [Anonymous Symbol]                       0x080047e8   Section        0  stm32l0xx_it.o(.text.TIM3_IRQHandler)
    __arm_cp.6_0                             0x080047f4   Number         4  stm32l0xx_it.o(.text.TIM3_IRQHandler)
    [Anonymous Symbol]                       0x080047f8   Section        0  stm32l0xx_it.o(.text.TIM6_DAC_IRQHandler)
    __arm_cp.7_0                             0x08004804   Number         4  stm32l0xx_it.o(.text.TIM6_DAC_IRQHandler)
    [Anonymous Symbol]                       0x08004808   Section        0  stm32l0xx_it.o(.text.TIM7_IRQHandler)
    __arm_cp.8_0                             0x08004814   Number         4  stm32l0xx_it.o(.text.TIM7_IRQHandler)
    [Anonymous Symbol]                       0x08004818   Section        0  stm32l0xx_hal_uart.o(.text.UART_AdvFeatureConfig)
    [Anonymous Symbol]                       0x080048ec   Section        0  stm32l0xx_hal_uart.o(.text.UART_CheckIdleState)
    __arm_cp.4_0                             0x080049b8   Number         4  stm32l0xx_hal_uart.o(.text.UART_CheckIdleState)
    UART_DMAAbortOnError                     0x080049bd   Thumb Code    22  stm32l0xx_hal_uart.o(.text.UART_DMAAbortOnError)
    [Anonymous Symbol]                       0x080049bc   Section        0  stm32l0xx_hal_uart.o(.text.UART_DMAAbortOnError)
    UART_RxISR_16BIT                         0x080049d5   Thumb Code   216  stm32l0xx_hal_uart.o(.text.UART_RxISR_16BIT)
    [Anonymous Symbol]                       0x080049d4   Section        0  stm32l0xx_hal_uart.o(.text.UART_RxISR_16BIT)
    UART_RxISR_8BIT                          0x08004aad   Thumb Code   216  stm32l0xx_hal_uart.o(.text.UART_RxISR_8BIT)
    [Anonymous Symbol]                       0x08004aac   Section        0  stm32l0xx_hal_uart.o(.text.UART_RxISR_8BIT)
    [Anonymous Symbol]                       0x08004b84   Section        0  stm32l0xx_hal_uart.o(.text.UART_SetConfig)
    __arm_cp.2_0                             0x08004d68   Number         4  stm32l0xx_hal_uart.o(.text.UART_SetConfig)
    __arm_cp.2_1                             0x08004d6c   Number         4  stm32l0xx_hal_uart.o(.text.UART_SetConfig)
    __arm_cp.2_2                             0x08004d70   Number         4  stm32l0xx_hal_uart.o(.text.UART_SetConfig)
    __arm_cp.2_3                             0x08004d74   Number         4  stm32l0xx_hal_uart.o(.text.UART_SetConfig)
    __arm_cp.2_4                             0x08004d78   Number         4  stm32l0xx_hal_uart.o(.text.UART_SetConfig)
    __arm_cp.2_5                             0x08004d7c   Number         4  stm32l0xx_hal_uart.o(.text.UART_SetConfig)
    __arm_cp.2_6                             0x08004d80   Number         4  stm32l0xx_hal_uart.o(.text.UART_SetConfig)
    __arm_cp.2_7                             0x08004d84   Number         4  stm32l0xx_hal_uart.o(.text.UART_SetConfig)
    __arm_cp.2_8                             0x08004d88   Number         4  stm32l0xx_hal_uart.o(.text.UART_SetConfig)
    __arm_cp.2_10                            0x08004d9c   Number         4  stm32l0xx_hal_uart.o(.text.UART_SetConfig)
    __arm_cp.2_11                            0x08004da0   Number         4  stm32l0xx_hal_uart.o(.text.UART_SetConfig)
    __arm_cp.2_12                            0x08004da4   Number         4  stm32l0xx_hal_uart.o(.text.UART_SetConfig)
    __arm_cp.2_13                            0x08004da8   Number         4  stm32l0xx_hal_uart.o(.text.UART_SetConfig)
    __arm_cp.2_14                            0x08004dac   Number         4  stm32l0xx_hal_uart.o(.text.UART_SetConfig)
    [Anonymous Symbol]                       0x08004db0   Section        0  stm32l0xx_hal_uart.o(.text.UART_Start_Receive_IT)
    __arm_cp.17_0                            0x08004e78   Number         4  stm32l0xx_hal_uart.o(.text.UART_Start_Receive_IT)
    __arm_cp.17_1                            0x08004e7c   Number         4  stm32l0xx_hal_uart.o(.text.UART_Start_Receive_IT)
    __arm_cp.17_2                            0x08004e80   Number         4  stm32l0xx_hal_uart.o(.text.UART_Start_Receive_IT)
    [Anonymous Symbol]                       0x08004e84   Section        0  stm32l0xx_hal_uart.o(.text.UART_WaitOnFlagUntilTimeout)
    [Anonymous Symbol]                       0x08005024   Section        0  stm32l0xx_it.o(.text.USART2_IRQHandler)
    [Anonymous Symbol]                       0x08005030   Section        0  command.o(.text.at_led2_get)
    [Anonymous Symbol]                       0x0800506c   Section        0  command.o(.text.at_led2_set)
    [Anonymous Symbol]                       0x0800508c   Section        0  command.o(.text.at_reset)
    __arm_cp.0_0                             0x080050a4   Number         4  command.o(.text.at_reset)
    __arm_cp.0_1                             0x080050a8   Number         4  command.o(.text.at_reset)
    [Anonymous Symbol]                       0x080050ac   Section        0  at.o(.text.at_return_error)
    [Anonymous Symbol]                       0x080050b0   Section        0  main.o(.text.main)
    __arm_cp.0_0                             0x08005370   Number         4  main.o(.text.main)
    __arm_cp.0_1                             0x08005374   Number         4  main.o(.text.main)
    __arm_cp.0_2                             0x08005378   Number         4  main.o(.text.main)
    __arm_cp.0_3                             0x0800537c   Number         4  main.o(.text.main)
    __arm_cp.0_4                             0x08005380   Number         4  main.o(.text.main)
    __arm_cp.0_5                             0x08005384   Number         4  main.o(.text.main)
    __arm_cp.0_6                             0x08005388   Number         4  main.o(.text.main)
    __arm_cp.0_7                             0x0800538c   Number         4  main.o(.text.main)
    __arm_cp.0_8                             0x08005390   Number         4  main.o(.text.main)
    __arm_cp.0_9                             0x08005394   Number         4  main.o(.text.main)
    __arm_cp.0_10                            0x08005398   Number         4  main.o(.text.main)
    __arm_cp.0_11                            0x0800539c   Number         4  main.o(.text.main)
    __arm_cp.0_12                            0x080053a0   Number         4  main.o(.text.main)
    __arm_cp.0_13                            0x080053a4   Number         4  main.o(.text.main)
    __arm_cp.0_14                            0x080053a8   Number         4  main.o(.text.main)
    __arm_cp.0_15                            0x080053ac   Number         4  main.o(.text.main)
    .text_divfast                            0x080053cc   Section      502  aeabi_sdivfast.o(.text_divfast)
    i.__ARM_common_ll_muluu                  0x080055c2   Section        0  btod.o(i.__ARM_common_ll_muluu)
    i.__ARM_fpclassify                       0x080055f4   Section        0  fpclassify.o(i.__ARM_fpclassify)
    i._is_digit                              0x08005620   Section        0  __printf_wp.o(i._is_digit)
    locale$$code                             0x08005630   Section       44  lc_numeric_c.o(locale$$code)
    locale$$code                             0x0800565c   Section       44  lc_ctype_c.o(locale$$code)
    x$fpl$printf1                            0x08005688   Section       16  printf1.o(x$fpl$printf1)
    x$fpl$printf2                            0x08005698   Section       16  printf2.o(x$fpl$printf2)
    initial_mbstate                          0x080056a8   Data           8  _printf_wctomb.o(.constdata)
    .constdata                               0x080056a8   Section        8  _printf_wctomb.o(.constdata)
    x$fpl$usenofp                            0x080056a8   Section        0  usenofp.o(x$fpl$usenofp)
    uc_hextab                                0x080056b0   Data          20  _printf_hex_int_ll_ptr.o(.constdata)
    .constdata                               0x080056b0   Section       40  _printf_hex_int_ll_ptr.o(.constdata)
    lc_hextab                                0x080056c4   Data          20  _printf_hex_int_ll_ptr.o(.constdata)
    maptable                                 0x080056d8   Data          17  __printf_flags_ss_wp.o(.constdata)
    .constdata                               0x080056d8   Section       17  __printf_flags_ss_wp.o(.constdata)
    lc_hextab                                0x080056e9   Data          19  _printf_fp_hex.o(.constdata)
    .constdata                               0x080056e9   Section       38  _printf_fp_hex.o(.constdata)
    uc_hextab                                0x080056fc   Data          19  _printf_fp_hex.o(.constdata)
    tenpwrs_x                                0x08005710   Data          60  bigflt0.o(.constdata)
    .constdata                               0x08005710   Section      148  bigflt0.o(.constdata)
    tenpwrs_i                                0x0800574c   Data          64  bigflt0.o(.constdata)
    ATCommand                                0x080057bc   Data          48  command.o(.rodata.ATCommand)
    [Anonymous Symbol]                       0x080057bc   Section        0  command.o(.rodata.ATCommand)
    [Anonymous Symbol]                       0x080057f8   Section        0  stm32l0xx_hal_tim.o(.rodata.cst16)
    [Anonymous Symbol]                       0x08005828   Section        0  stm32l0xx_hal_uart.o(.rodata.cst16)
    [Anonymous Symbol]                       0x08005838   Section        0  command.o(.rodata.str1.1)
    [Anonymous Symbol]                       0x08005990   Section        0  main.o(.rodata.str1.1)
    locale$$data                             0x080059e0   Section       28  lc_numeric_c.o(locale$$data)
    __lcnum_c_name                           0x080059e4   Data           2  lc_numeric_c.o(locale$$data)
    __lcnum_c_start                          0x080059ec   Data           0  lc_numeric_c.o(locale$$data)
    __lcnum_c_point                          0x080059f8   Data           0  lc_numeric_c.o(locale$$data)
    __lcnum_c_thousands                      0x080059fa   Data           0  lc_numeric_c.o(locale$$data)
    __lcnum_c_grouping                       0x080059fb   Data           0  lc_numeric_c.o(locale$$data)
    __lcnum_c_end                            0x080059fc   Data           0  lc_numeric_c.o(locale$$data)
    locale$$data                             0x080059fc   Section      272  lc_ctype_c.o(locale$$data)
    __lcctype_c_name                         0x08005a00   Data           2  lc_ctype_c.o(locale$$data)
    __lcctype_c_start                        0x08005a08   Data           0  lc_ctype_c.o(locale$$data)
    __lcctype_c_end                          0x08005b0c   Data           0  lc_ctype_c.o(locale$$data)
    [Anonymous Symbol]                       0x20000000   Section        0  stm32l0xx_hal.o(.data..L_MergedGlobals)
    HAL_TIM_IC_CaptureCallback.is_rising     0x20000008   Data           1  main.o(.data.HAL_TIM_IC_CaptureCallback.is_rising)
    [Anonymous Symbol]                       0x20000008   Section        0  main.o(.data.HAL_TIM_IC_CaptureCallback.is_rising)
    .bss                                     0x20000010   Section       96  libspace.o(.bss)
    [Anonymous Symbol]                       0x20000070   Section        0  hw_vcom.o(.bss..L_MergedGlobals)
    ir                                       0x20000074   Data           2  hw_vcom.o(.bss..L_MergedGlobals)
    HAL_TIM_IC_CaptureCallback.start         0x2000007c   Data           4  main.o(.bss..L_MergedGlobals)
    [Anonymous Symbol]                       0x2000007c   Section        0  main.o(.bss..L_MergedGlobals)
    CMD_Process.command                      0x200000c4   Data         128  command.o(.bss.CMD_Process.command)
    [Anonymous Symbol]                       0x200000c4   Section        0  command.o(.bss.CMD_Process.command)
    CMD_Process.i                            0x20000144   Data           4  command.o(.bss.CMD_Process.i)
    [Anonymous Symbol]                       0x20000144   Section        0  command.o(.bss.CMD_Process.i)
    buff                                     0x20000148   Data         256  hw_vcom.o(.bss.buff)
    [Anonymous Symbol]                       0x20000148   Section        0  hw_vcom.o(.bss.buff)
    uart_context                             0x200003ac   Data         268  hw_vcom.o(.bss.uart_context)
    [Anonymous Symbol]                       0x200003ac   Section        0  hw_vcom.o(.bss.uart_context)
    Heap_Mem                                 0x200004c0   Data         512  startup_stm32l073xx.o(HEAP)
    HEAP                                     0x200004c0   Section      512  startup_stm32l073xx.o(HEAP)
    Stack_Mem                                0x200006c0   Data        1024  startup_stm32l073xx.o(STACK)
    STACK                                    0x200006c0   Section     1024  startup_stm32l073xx.o(STACK)
    __initial_sp                             0x20000ac0   Data           0  startup_stm32l073xx.o(STACK)

    Global Symbols

    Symbol Name                              Value     Ov Type        Size  Object(Section)

    BuildAttributes$$THM_ISAv3M$S$PE$A:L22$X:L11$S22$IEEE1$IW$~IW$USESV6$~STKCKD$USESV7$~SHL$OTIME$ROPI$IEEEJ$EBA8$UX$STANDARDLIB$REQ8$PRES8$EABIv2 0x00000000   Number         0  anon$$obj.o ABSOLUTE
    _printf_flags                            0x00000000   Number         0  printf_stubs.o ABSOLUTE
    _printf_return_value                     0x00000000   Number         0  printf_stubs.o ABSOLUTE
    _printf_sizespec                         0x00000000   Number         0  printf_stubs.o ABSOLUTE
    _printf_widthprec                        0x00000000   Number         0  printf_stubs.o ABSOLUTE
    __ARM_exceptions_init                     - Undefined Weak Reference
    __alloca_initialize                       - Undefined Weak Reference
    __arm_preinit_                            - Undefined Weak Reference
    __arm_relocate_pie_                       - Undefined Weak Reference
    __cpp_initialize__aeabi_                  - Undefined Weak Reference
    __cxa_finalize                            - Undefined Weak Reference
    __sigvec_lookup                           - Undefined Weak Reference
    _atexit_init                              - Undefined Weak Reference
    _call_atexit_fns                          - Undefined Weak Reference
    _clock_init                               - Undefined Weak Reference
    _fp_trap_init                             - Undefined Weak Reference
    _fp_trap_shutdown                         - Undefined Weak Reference
    _get_lc_collate                           - Undefined Weak Reference
    _get_lc_monetary                          - Undefined Weak Reference
    _get_lc_time                              - Undefined Weak Reference
    _getenv_init                              - Undefined Weak Reference
    _handle_redirection                       - Undefined Weak Reference
    _init_alloc                               - Undefined Weak Reference
    _init_user_alloc                          - Undefined Weak Reference
    _initio                                   - Undefined Weak Reference
    _printf_mbtowc                            - Undefined Weak Reference
    _printf_wc                                - Undefined Weak Reference
    _rand_init                                - Undefined Weak Reference
    _signal_finish                            - Undefined Weak Reference
    _signal_init                              - Undefined Weak Reference
    _terminate_alloc                          - Undefined Weak Reference
    _terminate_user_alloc                     - Undefined Weak Reference
    _terminateio                              - Undefined Weak Reference
    __Vectors_Size                           0x000000c0   Number         0  startup_stm32l073xx.o ABSOLUTE
    __Vectors                                0x08000000   Data           4  startup_stm32l073xx.o(RESET)
    __Vectors_End                            0x080000c0   Data           0  startup_stm32l073xx.o(RESET)
    __main                                   0x080000c1   Thumb Code     8  __main.o(!!!main)
    __scatterload                            0x080000c9   Thumb Code     0  __scatter.o(!!!scatter)
    __scatterload_rt2                        0x080000c9   Thumb Code    74  __scatter.o(!!!scatter)
    __scatterload_rt2_thumb_only             0x080000c9   Thumb Code     0  __scatter.o(!!!scatter)
    __scatterload_loop                       0x080000d3   Thumb Code     0  __scatter.o(!!!scatter)
    __scatterload_copy                       0x0800011d   Thumb Code    26  __scatter_copy.o(!!handler_copy)
    __scatterload_null                       0x08000139   Thumb Code     2  __scatter.o(!!handler_null)
    __scatterload_zeroinit                   0x0800013d   Thumb Code    28  __scatter_zi.o(!!handler_zi)
    _printf_percent                          0x08000159   Thumb Code     0  _printf_percent.o(.ARM.Collect$$_printf_percent$$00000000)
    _printf_n                                0x0800015b   Thumb Code     0  _printf_n.o(.ARM.Collect$$_printf_percent$$00000001)
    _printf_p                                0x08000165   Thumb Code     0  _printf_p.o(.ARM.Collect$$_printf_percent$$00000002)
    _printf_f                                0x0800016f   Thumb Code     0  _printf_f.o(.ARM.Collect$$_printf_percent$$00000003)
    _printf_e                                0x08000179   Thumb Code     0  _printf_e.o(.ARM.Collect$$_printf_percent$$00000004)
    _printf_g                                0x08000183   Thumb Code     0  _printf_g.o(.ARM.Collect$$_printf_percent$$00000005)
    _printf_a                                0x0800018d   Thumb Code     0  _printf_a.o(.ARM.Collect$$_printf_percent$$00000006)
    _printf_ll                               0x08000197   Thumb Code     0  _printf_ll.o(.ARM.Collect$$_printf_percent$$00000007)
    _printf_i                                0x080001a1   Thumb Code     0  _printf_i.o(.ARM.Collect$$_printf_percent$$00000008)
    _printf_d                                0x080001ab   Thumb Code     0  _printf_d.o(.ARM.Collect$$_printf_percent$$00000009)
    _printf_u                                0x080001b5   Thumb Code     0  _printf_u.o(.ARM.Collect$$_printf_percent$$0000000A)
    _printf_o                                0x080001bf   Thumb Code     0  _printf_o.o(.ARM.Collect$$_printf_percent$$0000000B)
    _printf_x                                0x080001c9   Thumb Code     0  _printf_x.o(.ARM.Collect$$_printf_percent$$0000000C)
    _printf_lli                              0x080001d3   Thumb Code     0  _printf_lli.o(.ARM.Collect$$_printf_percent$$0000000D)
    _printf_lld                              0x080001dd   Thumb Code     0  _printf_lld.o(.ARM.Collect$$_printf_percent$$0000000E)
    _printf_llu                              0x080001e7   Thumb Code     0  _printf_llu.o(.ARM.Collect$$_printf_percent$$0000000F)
    _printf_llo                              0x080001f1   Thumb Code     0  _printf_llo.o(.ARM.Collect$$_printf_percent$$00000010)
    _printf_llx                              0x080001fb   Thumb Code     0  _printf_llx.o(.ARM.Collect$$_printf_percent$$00000011)
    _printf_l                                0x08000205   Thumb Code     0  _printf_l.o(.ARM.Collect$$_printf_percent$$00000012)
    _printf_c                                0x0800020f   Thumb Code     0  _printf_c.o(.ARM.Collect$$_printf_percent$$00000013)
    _printf_s                                0x08000219   Thumb Code     0  _printf_s.o(.ARM.Collect$$_printf_percent$$00000014)
    _printf_lc                               0x08000223   Thumb Code     0  _printf_lc.o(.ARM.Collect$$_printf_percent$$00000015)
    _printf_ls                               0x0800022d   Thumb Code     0  _printf_ls.o(.ARM.Collect$$_printf_percent$$00000016)
    _printf_percent_end                      0x08000237   Thumb Code     0  _printf_percent_end.o(.ARM.Collect$$_printf_percent$$00000017)
    __rt_lib_init                            0x0800023b   Thumb Code     0  libinit.o(.ARM.Collect$$libinit$$00000000)
    __rt_lib_init_fp_1                       0x0800023d   Thumb Code     0  libinit2.o(.ARM.Collect$$libinit$$00000002)
    __rt_lib_init_heap_1                     0x0800023d   Thumb Code     0  libinit2.o(.ARM.Collect$$libinit$$0000000C)
    __rt_lib_init_lc_common                  0x0800023d   Thumb Code     0  libinit2.o(.ARM.Collect$$libinit$$00000011)
    __rt_lib_init_preinit_1                  0x0800023d   Thumb Code     0  libinit2.o(.ARM.Collect$$libinit$$00000006)
    __rt_lib_init_rand_1                     0x0800023d   Thumb Code     0  libinit2.o(.ARM.Collect$$libinit$$00000010)
    __rt_lib_init_relocate_pie_1             0x0800023d   Thumb Code     0  libinit2.o(.ARM.Collect$$libinit$$00000004)
    __rt_lib_init_user_alloc_1               0x0800023d   Thumb Code     0  libinit2.o(.ARM.Collect$$libinit$$0000000E)
    __rt_lib_init_lc_collate_1               0x08000243   Thumb Code     0  libinit2.o(.ARM.Collect$$libinit$$00000013)
    __rt_lib_init_lc_ctype_2                 0x08000243   Thumb Code     0  libinit2.o(.ARM.Collect$$libinit$$00000014)
    __rt_lib_init_lc_ctype_1                 0x0800024f   Thumb Code     0  libinit2.o(.ARM.Collect$$libinit$$00000015)
    __rt_lib_init_lc_monetary_1              0x0800024f   Thumb Code     0  libinit2.o(.ARM.Collect$$libinit$$00000017)
    __rt_lib_init_lc_numeric_2               0x0800024f   Thumb Code     0  libinit2.o(.ARM.Collect$$libinit$$00000018)
    __rt_lib_init_alloca_1                   0x08000259   Thumb Code     0  libinit2.o(.ARM.Collect$$libinit$$00000030)
    __rt_lib_init_argv_1                     0x08000259   Thumb Code     0  libinit2.o(.ARM.Collect$$libinit$$0000002E)
    __rt_lib_init_atexit_1                   0x08000259   Thumb Code     0  libinit2.o(.ARM.Collect$$libinit$$0000001D)
    __rt_lib_init_clock_1                    0x08000259   Thumb Code     0  libinit2.o(.ARM.Collect$$libinit$$00000023)
    __rt_lib_init_cpp_1                      0x08000259   Thumb Code     0  libinit2.o(.ARM.Collect$$libinit$$00000034)
    __rt_lib_init_exceptions_1               0x08000259   Thumb Code     0  libinit2.o(.ARM.Collect$$libinit$$00000032)
    __rt_lib_init_fp_trap_1                  0x08000259   Thumb Code     0  libinit2.o(.ARM.Collect$$libinit$$00000021)
    __rt_lib_init_getenv_1                   0x08000259   Thumb Code     0  libinit2.o(.ARM.Collect$$libinit$$00000025)
    __rt_lib_init_lc_numeric_1               0x08000259   Thumb Code     0  libinit2.o(.ARM.Collect$$libinit$$00000019)
    __rt_lib_init_lc_time_1                  0x08000259   Thumb Code     0  libinit2.o(.ARM.Collect$$libinit$$0000001B)
    __rt_lib_init_return                     0x08000259   Thumb Code     0  libinit2.o(.ARM.Collect$$libinit$$00000035)
    __rt_lib_init_signal_1                   0x08000259   Thumb Code     0  libinit2.o(.ARM.Collect$$libinit$$0000001F)
    __rt_lib_init_stdio_1                    0x08000259   Thumb Code     0  libinit2.o(.ARM.Collect$$libinit$$00000027)
    __rt_lib_shutdown                        0x0800025b   Thumb Code     0  libshutdown.o(.ARM.Collect$$libshutdown$$00000000)
    __rt_lib_shutdown_cpp_1                  0x0800025d   Thumb Code     0  libshutdown2.o(.ARM.Collect$$libshutdown$$00000002)
    __rt_lib_shutdown_fp_trap_1              0x0800025d   Thumb Code     0  libshutdown2.o(.ARM.Collect$$libshutdown$$00000007)
    __rt_lib_shutdown_heap_1                 0x0800025d   Thumb Code     0  libshutdown2.o(.ARM.Collect$$libshutdown$$0000000F)
    __rt_lib_shutdown_return                 0x0800025d   Thumb Code     0  libshutdown2.o(.ARM.Collect$$libshutdown$$00000010)
    __rt_lib_shutdown_signal_1               0x0800025d   Thumb Code     0  libshutdown2.o(.ARM.Collect$$libshutdown$$0000000A)
    __rt_lib_shutdown_stdio_1                0x0800025d   Thumb Code     0  libshutdown2.o(.ARM.Collect$$libshutdown$$00000004)
    __rt_lib_shutdown_user_alloc_1           0x0800025d   Thumb Code     0  libshutdown2.o(.ARM.Collect$$libshutdown$$0000000C)
    __rt_entry                               0x0800025f   Thumb Code     0  __rtentry.o(.ARM.Collect$$rtentry$$00000000)
    __rt_entry_presh_1                       0x0800025f   Thumb Code     0  __rtentry2.o(.ARM.Collect$$rtentry$$00000002)
    __rt_entry_sh                            0x0800025f   Thumb Code     0  __rtentry4.o(.ARM.Collect$$rtentry$$00000004)
    __rt_entry_li                            0x08000265   Thumb Code     0  __rtentry2.o(.ARM.Collect$$rtentry$$0000000A)
    __rt_entry_postsh_1                      0x08000265   Thumb Code     0  __rtentry2.o(.ARM.Collect$$rtentry$$00000009)
    __rt_entry_main                          0x08000269   Thumb Code     0  __rtentry2.o(.ARM.Collect$$rtentry$$0000000D)
    __rt_entry_postli_1                      0x08000269   Thumb Code     0  __rtentry2.o(.ARM.Collect$$rtentry$$0000000C)
    __rt_exit                                0x08000271   Thumb Code     0  rtexit.o(.ARM.Collect$$rtexit$$00000000)
    __rt_exit_ls                             0x08000273   Thumb Code     0  rtexit2.o(.ARM.Collect$$rtexit$$00000003)
    __rt_exit_prels_1                        0x08000273   Thumb Code     0  rtexit2.o(.ARM.Collect$$rtexit$$00000002)
    __rt_exit_exit                           0x08000277   Thumb Code     0  rtexit2.o(.ARM.Collect$$rtexit$$00000004)
    __aeabi_memcpy4                          0x0800027d   Thumb Code    56  rt_memcpy.o(.emb_text)
    __aeabi_memcpy8                          0x0800027d   Thumb Code     0  rt_memcpy.o(.emb_text)
    Reset_Handler                            0x080002b5   Thumb Code     8  startup_stm32l073xx.o(.text)
    ADC1_COMP_IRQHandler                     0x080002c7   Thumb Code     0  startup_stm32l073xx.o(.text)
    DMA1_Channel1_IRQHandler                 0x080002c7   Thumb Code     0  startup_stm32l073xx.o(.text)
    DMA1_Channel2_3_IRQHandler               0x080002c7   Thumb Code     0  startup_stm32l073xx.o(.text)
    DMA1_Channel4_5_6_7_IRQHandler           0x080002c7   Thumb Code     0  startup_stm32l073xx.o(.text)
    EXTI0_1_IRQHandler                       0x080002c7   Thumb Code     0  startup_stm32l073xx.o(.text)
    EXTI2_3_IRQHandler                       0x080002c7   Thumb Code     0  startup_stm32l073xx.o(.text)
    FLASH_IRQHandler                         0x080002c7   Thumb Code     0  startup_stm32l073xx.o(.text)
    I2C1_IRQHandler                          0x080002c7   Thumb Code     0  startup_stm32l073xx.o(.text)
    I2C2_IRQHandler                          0x080002c7   Thumb Code     0  startup_stm32l073xx.o(.text)
    I2C3_IRQHandler                          0x080002c7   Thumb Code     0  startup_stm32l073xx.o(.text)
    LCD_IRQHandler                           0x080002c7   Thumb Code     0  startup_stm32l073xx.o(.text)
    LPTIM1_IRQHandler                        0x080002c7   Thumb Code     0  startup_stm32l073xx.o(.text)
    PVD_IRQHandler                           0x080002c7   Thumb Code     0  startup_stm32l073xx.o(.text)
    RCC_CRS_IRQHandler                       0x080002c7   Thumb Code     0  startup_stm32l073xx.o(.text)
    RNG_LPUART1_IRQHandler                   0x080002c7   Thumb Code     0  startup_stm32l073xx.o(.text)
    RTC_IRQHandler                           0x080002c7   Thumb Code     0  startup_stm32l073xx.o(.text)
    SPI1_IRQHandler                          0x080002c7   Thumb Code     0  startup_stm32l073xx.o(.text)
    SPI2_IRQHandler                          0x080002c7   Thumb Code     0  startup_stm32l073xx.o(.text)
    TIM21_IRQHandler                         0x080002c7   Thumb Code     0  startup_stm32l073xx.o(.text)
    TIM22_IRQHandler                         0x080002c7   Thumb Code     0  startup_stm32l073xx.o(.text)
    TIM2_IRQHandler                          0x080002c7   Thumb Code     0  startup_stm32l073xx.o(.text)
    TSC_IRQHandler                           0x080002c7   Thumb Code     0  startup_stm32l073xx.o(.text)
    USART1_IRQHandler                        0x080002c7   Thumb Code     0  startup_stm32l073xx.o(.text)
    USART4_5_IRQHandler                      0x080002c7   Thumb Code     0  startup_stm32l073xx.o(.text)
    USB_IRQHandler                           0x080002c7   Thumb Code     0  startup_stm32l073xx.o(.text)
    WWDG_IRQHandler                          0x080002c7   Thumb Code     0  startup_stm32l073xx.o(.text)
    __user_initial_stackheap                 0x080002c9   Thumb Code     0  startup_stm32l073xx.o(.text)
    __aeabi_uldivmod                         0x080002ed   Thumb Code   272  lludiv.o(.text)
    _ll_udiv                                 0x080002ed   Thumb Code     0  lludiv.o(.text)
    vsprintf                                 0x080003fd   Thumb Code    32  vsprintf.o(.text)
    memcmp                                   0x08000421   Thumb Code    90  memcmp.o(.text)
    __aeabi_memcpy                           0x0800047b   Thumb Code   130  rt_memcpy.o(.text)
    __rt_memcpy                              0x0800047b   Thumb Code     0  rt_memcpy.o(.text)
    _memset_w                                0x080004fd   Thumb Code    26  rt_memclr.o(.text)
    _memset                                  0x08000517   Thumb Code    30  rt_memclr.o(.text)
    __aeabi_memclr                           0x08000535   Thumb Code     4  rt_memclr.o(.text)
    __rt_memclr                              0x08000535   Thumb Code     0  rt_memclr.o(.text)
    __aeabi_memclr4                          0x08000539   Thumb Code     0  rt_memclr.o(.text)
    __aeabi_memclr8                          0x08000539   Thumb Code     0  rt_memclr.o(.text)
    __rt_memclr_w                            0x08000539   Thumb Code     4  rt_memclr.o(.text)
    strcmp                                   0x0800053d   Thumb Code   176  strcmpv6m.o(.text)
    __aeabi_uidivmod                         0x080005ed   Thumb Code    28  aeabi_sdivfast.o(.text)
    __aeabi_idivmod                          0x08000609   Thumb Code   472  aeabi_sdivfast.o(.text)
    __use_two_region_memory                  0x080007e5   Thumb Code     2  heapauxi.o(.text)
    __rt_heap_escrow$2region                 0x080007e7   Thumb Code     2  heapauxi.o(.text)
    __rt_heap_expand$2region                 0x080007e9   Thumb Code     2  heapauxi.o(.text)
    __aeabi_d2uiz                            0x080007ed   Thumb Code     0  dfixui.o(.text)
    _dfixu                                   0x080007ed   Thumb Code    68  dfixui.o(.text)
    __aeabi_i2d_normalise                    0x08000835   Thumb Code    66  dflti.o(.text)
    __aeabi_i2d                              0x08000877   Thumb Code    16  dflti.o(.text)
    _dflt                                    0x08000877   Thumb Code     0  dflti.o(.text)
    __aeabi_ui2d                             0x08000887   Thumb Code     6  dflti.o(.text)
    _dfltu                                   0x08000887   Thumb Code     0  dflti.o(.text)
    __aeabi_dmul                             0x0800088d   Thumb Code     0  dmul.o(.text)
    __muldf3                                 0x0800088d   Thumb Code     0  dmul.o(.text)
    _dmul                                    0x0800088d   Thumb Code   558  dmul.o(.text)
    _printf_pre_padding                      0x08000ad5   Thumb Code    44  _printf_pad.o(.text)
    _printf_post_padding                     0x08000b01   Thumb Code    34  _printf_pad.o(.text)
    _printf_truncate_signed                  0x08000b23   Thumb Code    18  _printf_truncate.o(.text)
    _printf_truncate_unsigned                0x08000b35   Thumb Code    18  _printf_truncate.o(.text)
    _printf_str                              0x08000b47   Thumb Code    82  _printf_str.o(.text)
    _printf_int_dec                          0x08000b99   Thumb Code    90  _printf_dec.o(.text)
    _printf_charcount                        0x08000c05   Thumb Code    38  _printf_charcount.o(.text)
    _printf_char_common                      0x08000c37   Thumb Code    32  _printf_char_common.o(.text)
    _sputc                                   0x08000c5d   Thumb Code    10  _sputc.o(.text)
    _printf_wctomb                           0x08000c69   Thumb Code   182  _printf_wctomb.o(.text)
    _printf_longlong_dec                     0x08000d25   Thumb Code    94  _printf_longlong_dec.o(.text)
    _printf_longlong_oct                     0x08000d95   Thumb Code    68  _printf_oct_int_ll.o(.text)
    _printf_int_oct                          0x08000dd9   Thumb Code    24  _printf_oct_int_ll.o(.text)
    _printf_ll_oct                           0x08000df1   Thumb Code    10  _printf_oct_int_ll.o(.text)
    _printf_longlong_hex                     0x08000e05   Thumb Code    88  _printf_hex_int_ll_ptr.o(.text)
    _printf_int_hex                          0x08000e5d   Thumb Code    28  _printf_hex_int_ll_ptr.o(.text)
    _printf_ll_hex                           0x08000e79   Thumb Code    10  _printf_hex_int_ll_ptr.o(.text)
    _printf_hex_ptr                          0x08000e83   Thumb Code    22  _printf_hex_int_ll_ptr.o(.text)
    __printf                                 0x08000e9d   Thumb Code   386  __printf_flags_ss_wp.o(.text)
    _ll_udiv10                               0x08001025   Thumb Code   122  lludiv10.o(.text)
    _printf_int_common                       0x0800109f   Thumb Code   176  _printf_intcommon.o(.text)
    _printf_fp_dec_real                      0x080012ed   Thumb Code   620  _printf_fp_dec.o(.text)
    _printf_fp_hex_real                      0x08001565   Thumb Code   718  _printf_fp_hex.o(.text)
    _printf_cs_common                        0x0800183d   Thumb Code    22  _printf_char.o(.text)
    _printf_char                             0x08001853   Thumb Code    16  _printf_char.o(.text)
    _printf_string                           0x08001863   Thumb Code     8  _printf_char.o(.text)
    _printf_lcs_common                       0x0800186b   Thumb Code    22  _printf_wchar.o(.text)
    _printf_wchar                            0x08001881   Thumb Code    16  _printf_wchar.o(.text)
    _printf_wstring                          0x08001891   Thumb Code     8  _printf_wchar.o(.text)
    _c16rtomb                                0x08001899   Thumb Code    66  _c16rtomb.o(.text)
    _wcrtomb                                 0x08001899   Thumb Code     0  _c16rtomb.o(.text)
    __rt_udiv10                              0x080018db   Thumb Code    40  rtudiv10.o(.text)
    __user_setup_stackheap                   0x08001903   Thumb Code    62  sys_stackheap_outer.o(.text)
    __rt_ctype_table                         0x08001941   Thumb Code    16  rt_ctype_table.o(.text)
    __rt_locale                              0x08001951   Thumb Code     8  rt_locale_intlibspace.o(.text)
    _printf_fp_infnan                        0x08001959   Thumb Code   120  _printf_fp_infnan.o(.text)
    _btod_etento                             0x080019e1   Thumb Code   210  bigflt0.o(.text)
    _btod_d2e                                0x08001ab9   Thumb Code    64  btod.o(.text)
    _btod_emul                               0x08001eed   Thumb Code    28  btod.o(.text)
    _btod_emuld                              0x08001f09   Thumb Code   144  btod.o(.text)
    _btod_ediv                               0x08001f99   Thumb Code    26  btod.o(.text)
    _btod_edivd                              0x08001fb3   Thumb Code   124  btod.o(.text)
    exit                                     0x08002039   Thumb Code    16  exit.o(.text)
    __user_libspace                          0x08002049   Thumb Code     8  libspace.o(.text)
    __user_perproc_libspace                  0x08002049   Thumb Code     0  libspace.o(.text)
    __user_perthread_libspace                0x08002049   Thumb Code     0  libspace.o(.text)
    _sys_exit                                0x08002051   Thumb Code     8  sys_exit.o(.text)
    __I$use$semihosting                      0x0800205d   Thumb Code     0  use_no_semi.o(.text)
    __use_no_semihosting_swi                 0x0800205d   Thumb Code     2  use_no_semi.o(.text)
    __semihosting_library_function           0x0800205f   Thumb Code     0  indicate_semi.o(.text)
    CMD_Process                              0x08002129   Thumb Code   312  command.o(.text.CMD_Process)
    EXTI4_15_IRQHandler                      0x080022b1   Thumb Code    10  stm32l0xx_it.o(.text.EXTI4_15_IRQHandler)
    Error_Handler                            0x080022bb   Thumb Code     8  main.o(.text.Error_Handler)
    GetNewChar                               0x080022c5   Thumb Code    36  hw_vcom.o(.text.GetNewChar)
    HAL_ADCEx_Calibration_Start              0x080022ed   Thumb Code   180  stm32l0xx_hal_adc_ex.o(.text.HAL_ADCEx_Calibration_Start)
    HAL_ADC_ConfigChannel                    0x080023a1   Thumb Code   268  stm32l0xx_hal_adc.o(.text.HAL_ADC_ConfigChannel)
    HAL_ADC_GetValue                         0x080024bd   Thumb Code     6  stm32l0xx_hal_adc.o(.text.HAL_ADC_GetValue)
    HAL_ADC_Init                             0x080024c5   Thumb Code   432  stm32l0xx_hal_adc.o(.text.HAL_ADC_Init)
    HAL_ADC_MspInit                          0x08002685   Thumb Code    76  stm32l0xx_hal_msp.o(.text.HAL_ADC_MspInit)
    HAL_ADC_PollForConversion                0x080026d9   Thumb Code   296  stm32l0xx_hal_adc.o(.text.HAL_ADC_PollForConversion)
    HAL_ADC_Start                            0x08002801   Thumb Code    96  stm32l0xx_hal_adc.o(.text.HAL_ADC_Start)
    HAL_DMA_Abort                            0x08002865   Thumb Code    66  stm32l0xx_hal_dma.o(.text.HAL_DMA_Abort)
    HAL_DMA_Abort_IT                         0x080028a7   Thumb Code    70  stm32l0xx_hal_dma.o(.text.HAL_DMA_Abort_IT)
    HAL_GPIO_EXTI_Callback                   0x080028ed   Thumb Code     2  stm32l0xx_hal_gpio.o(.text.HAL_GPIO_EXTI_Callback)
    HAL_GPIO_EXTI_IRQHandler                 0x080028f1   Thumb Code    20  stm32l0xx_hal_gpio.o(.text.HAL_GPIO_EXTI_IRQHandler)
    HAL_GPIO_Init                            0x08002909   Thumb Code   380  stm32l0xx_hal_gpio.o(.text.HAL_GPIO_Init)
    HAL_GPIO_ReadPin                         0x08002a91   Thumb Code    10  stm32l0xx_hal_gpio.o(.text.HAL_GPIO_ReadPin)
    HAL_GPIO_WritePin                        0x08002a9b   Thumb Code    16  stm32l0xx_hal_gpio.o(.text.HAL_GPIO_WritePin)
    HAL_GetTick                              0x08002aad   Thumb Code     8  stm32l0xx_hal.o(.text.HAL_GetTick)
    HAL_IncTick                              0x08002ab5   Thumb Code    16  stm32l0xx_hal.o(.text.HAL_IncTick)
    HAL_Init                                 0x08002ac9   Thumb Code    36  stm32l0xx_hal.o(.text.HAL_Init)
    HAL_InitTick                             0x08002af1   Thumb Code    60  stm32l0xx_hal.o(.text.HAL_InitTick)
    HAL_MspInit                              0x08002b35   Thumb Code    20  stm32l0xx_hal_msp.o(.text.HAL_MspInit)
    HAL_NVIC_EnableIRQ                       0x08002b4d   Thumb Code    20  stm32l0xx_hal_cortex.o(.text.HAL_NVIC_EnableIRQ)
    HAL_NVIC_SetPriority                     0x08002b65   Thumb Code    48  stm32l0xx_hal_cortex.o(.text.HAL_NVIC_SetPriority)
    HAL_RCCEx_PeriphCLKConfig                0x08002b9d   Thumb Code   560  stm32l0xx_hal_rcc_ex.o(.text.HAL_RCCEx_PeriphCLKConfig)
    HAL_RCC_ClockConfig                      0x08002dd5   Thumb Code   504  stm32l0xx_hal_rcc.o(.text.HAL_RCC_ClockConfig)
    HAL_RCC_GetPCLK1Freq                     0x08002fdd   Thumb Code    20  stm32l0xx_hal_rcc.o(.text.HAL_RCC_GetPCLK1Freq)
    HAL_RCC_GetPCLK2Freq                     0x08002ff1   Thumb Code    20  stm32l0xx_hal_rcc.o(.text.HAL_RCC_GetPCLK2Freq)
    HAL_RCC_GetSysClockFreq                  0x08003011   Thumb Code   100  stm32l0xx_hal_rcc.o(.text.HAL_RCC_GetSysClockFreq)
    HAL_RCC_OscConfig                        0x08003085   Thumb Code  1376  stm32l0xx_hal_rcc.o(.text.HAL_RCC_OscConfig)
    HAL_SYSTICK_Config                       0x0800360d   Thumb Code    40  stm32l0xx_hal_cortex.o(.text.HAL_SYSTICK_Config)
    HAL_TIMEx_MasterConfigSynchronization    0x08003641   Thumb Code    92  stm32l0xx_hal_tim_ex.o(.text.HAL_TIMEx_MasterConfigSynchronization)
    HAL_TIMEx_RemapConfig                    0x0800369d   Thumb Code    28  stm32l0xx_hal_tim_ex.o(.text.HAL_TIMEx_RemapConfig)
    HAL_TIM_Base_Init                        0x080036b9   Thumb Code   172  stm32l0xx_hal_tim.o(.text.HAL_TIM_Base_Init)
    HAL_TIM_Base_MspInit                     0x08003765   Thumb Code   148  stm32l0xx_hal_msp.o(.text.HAL_TIM_Base_MspInit)
    HAL_TIM_Base_Start                       0x08003805   Thumb Code    80  stm32l0xx_hal_tim.o(.text.HAL_TIM_Base_Start)
    HAL_TIM_Base_Start_IT                    0x08003855   Thumb Code    84  stm32l0xx_hal_tim.o(.text.HAL_TIM_Base_Start_IT)
    HAL_TIM_ConfigClockSource                0x080038b9   Thumb Code   344  stm32l0xx_hal_tim.o(.text.HAL_TIM_ConfigClockSource)
    HAL_TIM_IC_CaptureCallback               0x08003a15   Thumb Code   116  main.o(.text.HAL_TIM_IC_CaptureCallback)
    HAL_TIM_IC_ConfigChannel                 0x08003a9d   Thumb Code   384  stm32l0xx_hal_tim.o(.text.HAL_TIM_IC_ConfigChannel)
    HAL_TIM_IC_Init                          0x08003c31   Thumb Code   172  stm32l0xx_hal_tim.o(.text.HAL_TIM_IC_Init)
    HAL_TIM_IC_MspInit                       0x08003cdd   Thumb Code     2  stm32l0xx_hal_tim.o(.text.HAL_TIM_IC_MspInit)
    HAL_TIM_IC_Start_IT                      0x08003ce1   Thumb Code   180  stm32l0xx_hal_tim.o(.text.HAL_TIM_IC_Start_IT)
    HAL_TIM_IRQHandler                       0x08003da9   Thumb Code   278  stm32l0xx_hal_tim.o(.text.HAL_TIM_IRQHandler)
    HAL_TIM_OC_DelayElapsedCallback          0x08003ebf   Thumb Code     2  stm32l0xx_hal_tim.o(.text.HAL_TIM_OC_DelayElapsedCallback)
    HAL_TIM_PWM_PulseFinishedCallback        0x08003ec1   Thumb Code     2  stm32l0xx_hal_tim.o(.text.HAL_TIM_PWM_PulseFinishedCallback)
    HAL_TIM_PeriodElapsedCallback            0x08003ec5   Thumb Code    84  main.o(.text.HAL_TIM_PeriodElapsedCallback)
    HAL_TIM_ReadCapturedValue                0x08003f31   Thumb Code    22  stm32l0xx_hal_tim.o(.text.HAL_TIM_ReadCapturedValue)
    HAL_TIM_TriggerCallback                  0x08003f47   Thumb Code     2  stm32l0xx_hal_tim.o(.text.HAL_TIM_TriggerCallback)
    HAL_UARTEx_RxEventCallback               0x08003f49   Thumb Code     2  stm32l0xx_hal_uart.o(.text.HAL_UARTEx_RxEventCallback)
    HAL_UARTEx_WakeupCallback                0x08003f4b   Thumb Code     2  stm32l0xx_hal_uart_ex.o(.text.HAL_UARTEx_WakeupCallback)
    HAL_UART_ErrorCallback                   0x08003f4d   Thumb Code     8  hw_vcom.o(.text.HAL_UART_ErrorCallback)
    HAL_UART_IRQHandler                      0x08003f55   Thumb Code   992  stm32l0xx_hal_uart.o(.text.HAL_UART_IRQHandler)
    HAL_UART_Init                            0x08004341   Thumb Code   110  stm32l0xx_hal_uart.o(.text.HAL_UART_Init)
    HAL_UART_MspInit                         0x080043b1   Thumb Code   104  stm32l0xx_hal_msp.o(.text.HAL_UART_MspInit)
    HAL_UART_Receive_IT                      0x0800441d   Thumb Code   108  stm32l0xx_hal_uart.o(.text.HAL_UART_Receive_IT)
    HAL_UART_RxCpltCallback                  0x0800448d   Thumb Code     8  main.o(.text.HAL_UART_RxCpltCallback)
    HAL_UART_Transmit                        0x08004495   Thumb Code   216  stm32l0xx_hal_uart.o(.text.HAL_UART_Transmit)
    HAL_UART_TxCpltCallback                  0x08004571   Thumb Code     2  main.o(.text.HAL_UART_TxCpltCallback)
    HW_AdcReadChannel                        0x08004575   Thumb Code   144  main.o(.text.HW_AdcReadChannel)
    HW_VCOM_Init                             0x08004615   Thumb Code    68  hw_vcom.o(.text.HW_VCOM_Init)
    HW_VCOM_RxCpltCallback                   0x0800465d   Thumb Code    68  hw_vcom.o(.text.HW_VCOM_RxCpltCallback)
    HardFault_Handler                        0x080046d5   Thumb Code     2  stm32l0xx_it.o(.text.HardFault_Handler)
    IsNewCharReceived                        0x080046d9   Thumb Code    36  hw_vcom.o(.text.IsNewCharReceived)
    NMI_Handler                              0x08004701   Thumb Code     2  stm32l0xx_it.o(.text.NMI_Handler)
    PendSV_Handler                           0x08004703   Thumb Code     2  stm32l0xx_it.o(.text.PendSV_Handler)
    Printf                                   0x08004705   Thumb Code   204  hw_vcom.o(.text.Printf)
    SVC_Handler                              0x080047dd   Thumb Code     2  stm32l0xx_it.o(.text.SVC_Handler)
    SysTick_Handler                          0x080047df   Thumb Code     8  stm32l0xx_it.o(.text.SysTick_Handler)
    SystemInit                               0x080047e7   Thumb Code     2  system_stm32l0xx.o(.text.SystemInit)
    TIM3_IRQHandler                          0x080047e9   Thumb Code    12  stm32l0xx_it.o(.text.TIM3_IRQHandler)
    TIM6_DAC_IRQHandler                      0x080047f9   Thumb Code    12  stm32l0xx_it.o(.text.TIM6_DAC_IRQHandler)
    TIM7_IRQHandler                          0x08004809   Thumb Code    12  stm32l0xx_it.o(.text.TIM7_IRQHandler)
    UART_AdvFeatureConfig                    0x08004819   Thumb Code   210  stm32l0xx_hal_uart.o(.text.UART_AdvFeatureConfig)
    UART_CheckIdleState                      0x080048ed   Thumb Code   204  stm32l0xx_hal_uart.o(.text.UART_CheckIdleState)
    UART_SetConfig                           0x08004b85   Thumb Code   484  stm32l0xx_hal_uart.o(.text.UART_SetConfig)
    UART_Start_Receive_IT                    0x08004db1   Thumb Code   200  stm32l0xx_hal_uart.o(.text.UART_Start_Receive_IT)
    UART_WaitOnFlagUntilTimeout              0x08004e85   Thumb Code   416  stm32l0xx_hal_uart.o(.text.UART_WaitOnFlagUntilTimeout)
    USART2_IRQHandler                        0x08005025   Thumb Code    12  stm32l0xx_it.o(.text.USART2_IRQHandler)
    at_led2_get                              0x08005031   Thumb Code    36  command.o(.text.at_led2_get)
    at_led2_set                              0x0800506d   Thumb Code    28  command.o(.text.at_led2_set)
    at_reset                                 0x0800508d   Thumb Code    24  command.o(.text.at_reset)
    at_return_error                          0x080050ad   Thumb Code     4  at.o(.text.at_return_error)
    main                                     0x080050b1   Thumb Code   704  main.o(.text.main)
    __aeabi_uidiv                            0x080053cd   Thumb Code    68  aeabi_sdivfast.o(.text_divfast)
    __aeabi_idiv                             0x08005411   Thumb Code   434  aeabi_sdivfast.o(.text_divfast)
    __ARM_common_ll_muluu                    0x080055c3   Thumb Code    48  btod.o(i.__ARM_common_ll_muluu)
    __ARM_fpclassify                         0x080055f5   Thumb Code    40  fpclassify.o(i.__ARM_fpclassify)
    _is_digit                                0x08005621   Thumb Code    14  __printf_wp.o(i._is_digit)
    _get_lc_numeric                          0x08005631   Thumb Code    44  lc_numeric_c.o(locale$$code)
    _get_lc_ctype                            0x0800565d   Thumb Code    44  lc_ctype_c.o(locale$$code)
    _printf_fp_dec                           0x08005689   Thumb Code    16  printf1.o(x$fpl$printf1)
    _printf_fp_hex                           0x08005699   Thumb Code    16  printf2.o(x$fpl$printf2)
    __I$use$fp                               0x080056a8   Number         0  usenofp.o(x$fpl$usenofp)
    AHBPrescTable                            0x080057a4   Data          16  system_stm32l0xx.o(.rodata.AHBPrescTable)
    APBPrescTable                            0x080057b4   Data           8  system_stm32l0xx.o(.rodata.APBPrescTable)
    PLLMulTable                              0x080057ec   Data           9  system_stm32l0xx.o(.rodata.PLLMulTable)
    Region$$Table$$Base                      0x080059c0   Number         0  anon$$obj.o(Region$$Table)
    Region$$Table$$Limit                     0x080059e0   Number         0  anon$$obj.o(Region$$Table)
    __ctype                                  0x08005a09   Data           0  lc_ctype_c.o(locale$$data)
    uwTickFreq                               0x20000000   Data           1  stm32l0xx_hal.o(.data..L_MergedGlobals)
    uwTickPrio                               0x20000004   Data           4  stm32l0xx_hal.o(.data..L_MergedGlobals)
    SystemCoreClock                          0x2000000c   Data           4  system_stm32l0xx.o(.data.SystemCoreClock)
    __libspace_start                         0x20000010   Data          96  libspace.o(.bss)
    __temporary_stack_top$libspace           0x20000070   Data           0  libspace.o(.bss)
    uart2_rcvbuf                             0x20000070   Data           1  hw_vcom.o(.bss..L_MergedGlobals)
    iw                                       0x20000072   Data           2  hw_vcom.o(.bss..L_MergedGlobals)
    huart                                    0x20000078   Data           4  hw_vcom.o(.bss..L_MergedGlobals)
    distance                                 0x20000080   Data           4  main.o(.bss..L_MergedGlobals)
    htim3                                    0x20000084   Data          64  main.o(.bss..L_MergedGlobals)
    hadc                                     0x20000248   Data          92  main.o(.bss.hadc)
    htim6                                    0x200002a4   Data          64  main.o(.bss.htim6)
    htim7                                    0x200002e4   Data          64  main.o(.bss.htim7)
    huart2                                   0x20000324   Data         136  main.o(.bss.huart2)
    uwTick                                   0x200004b8   Data           4  stm32l0xx_hal.o(.bss.uwTick)



==============================================================================

Memory Map of the image

  Image Entry point : 0x080000c1

  Load Region LR_IROM1 (Base: 0x08000000, Size: 0x00005b20, Max: 0x00030000, ABSOLUTE)

    Execution Region ER_IROM1 (Exec base: 0x08000000, Load base: 0x08000000, Size: 0x00005b0c, Max: 0x00030000, ABSOLUTE)

    Exec Addr    Load Addr    Size         Type   Attr      Idx    E Section Name        Object

    0x08000000   0x08000000   0x000000c0   Data   RO            3    RESET               startup_stm32l073xx.o
    0x080000c0   0x080000c0   0x00000008   Code   RO         1327  * !!!main             c_p.l(__main.o)
    0x080000c8   0x080000c8   0x00000054   Code   RO         1670    !!!scatter          c_p.l(__scatter.o)
    0x0800011c   0x0800011c   0x0000001a   Code   RO         1674    !!handler_copy      c_p.l(__scatter_copy.o)
    0x08000136   0x08000136   0x00000002   PAD
    0x08000138   0x08000138   0x00000002   Code   RO         1671    !!handler_null      c_p.l(__scatter.o)
    0x0800013a   0x0800013a   0x00000002   PAD
    0x0800013c   0x0800013c   0x0000001c   Code   RO         1676    !!handler_zi        c_p.l(__scatter_zi.o)
    0x08000158   0x08000158   0x00000002   Code   RO         1427    .ARM.Collect$$_printf_percent$$00000000  c_p.l(_printf_percent.o)
    0x0800015a   0x0800015a   0x0000000a   Code   RO         1416    .ARM.Collect$$_printf_percent$$00000001  c_p.l(_printf_n.o)
    0x08000164   0x08000164   0x0000000a   Code   RO         1418    .ARM.Collect$$_printf_percent$$00000002  c_p.l(_printf_p.o)
    0x0800016e   0x0800016e   0x0000000a   Code   RO         1423    .ARM.Collect$$_printf_percent$$00000003  c_p.l(_printf_f.o)
    0x08000178   0x08000178   0x0000000a   Code   RO         1424    .ARM.Collect$$_printf_percent$$00000004  c_p.l(_printf_e.o)
    0x08000182   0x08000182   0x0000000a   Code   RO         1425    .ARM.Collect$$_printf_percent$$00000005  c_p.l(_printf_g.o)
    0x0800018c   0x0800018c   0x0000000a   Code   RO         1426    .ARM.Collect$$_printf_percent$$00000006  c_p.l(_printf_a.o)
    0x08000196   0x08000196   0x0000000a   Code   RO         1431    .ARM.Collect$$_printf_percent$$00000007  c_p.l(_printf_ll.o)
    0x080001a0   0x080001a0   0x0000000a   Code   RO         1420    .ARM.Collect$$_printf_percent$$00000008  c_p.l(_printf_i.o)
    0x080001aa   0x080001aa   0x0000000a   Code   RO         1421    .ARM.Collect$$_printf_percent$$00000009  c_p.l(_printf_d.o)
    0x080001b4   0x080001b4   0x0000000a   Code   RO         1422    .ARM.Collect$$_printf_percent$$0000000A  c_p.l(_printf_u.o)
    0x080001be   0x080001be   0x0000000a   Code   RO         1419    .ARM.Collect$$_printf_percent$$0000000B  c_p.l(_printf_o.o)
    0x080001c8   0x080001c8   0x0000000a   Code   RO         1417    .ARM.Collect$$_printf_percent$$0000000C  c_p.l(_printf_x.o)
    0x080001d2   0x080001d2   0x0000000a   Code   RO         1428    .ARM.Collect$$_printf_percent$$0000000D  c_p.l(_printf_lli.o)
    0x080001dc   0x080001dc   0x0000000a   Code   RO         1429    .ARM.Collect$$_printf_percent$$0000000E  c_p.l(_printf_lld.o)
    0x080001e6   0x080001e6   0x0000000a   Code   RO         1430    .ARM.Collect$$_printf_percent$$0000000F  c_p.l(_printf_llu.o)
    0x080001f0   0x080001f0   0x0000000a   Code   RO         1435    .ARM.Collect$$_printf_percent$$00000010  c_p.l(_printf_llo.o)
    0x080001fa   0x080001fa   0x0000000a   Code   RO         1436    .ARM.Collect$$_printf_percent$$00000011  c_p.l(_printf_llx.o)
    0x08000204   0x08000204   0x0000000a   Code   RO         1432    .ARM.Collect$$_printf_percent$$00000012  c_p.l(_printf_l.o)
    0x0800020e   0x0800020e   0x0000000a   Code   RO         1414    .ARM.Collect$$_printf_percent$$00000013  c_p.l(_printf_c.o)
    0x08000218   0x08000218   0x0000000a   Code   RO         1415    .ARM.Collect$$_printf_percent$$00000014  c_p.l(_printf_s.o)
    0x08000222   0x08000222   0x0000000a   Code   RO         1433    .ARM.Collect$$_printf_percent$$00000015  c_p.l(_printf_lc.o)
    0x0800022c   0x0800022c   0x0000000a   Code   RO         1434    .ARM.Collect$$_printf_percent$$00000016  c_p.l(_printf_ls.o)
    0x08000236   0x08000236   0x00000004   Code   RO         1480    .ARM.Collect$$_printf_percent$$00000017  c_p.l(_printf_percent_end.o)
    0x0800023a   0x0800023a   0x00000002   Code   RO         1520    .ARM.Collect$$libinit$$00000000  c_p.l(libinit.o)
    0x0800023c   0x0800023c   0x00000000   Code   RO         1543    .ARM.Collect$$libinit$$00000002  c_p.l(libinit2.o)
    0x0800023c   0x0800023c   0x00000000   Code   RO         1545    .ARM.Collect$$libinit$$00000004  c_p.l(libinit2.o)
    0x0800023c   0x0800023c   0x00000000   Code   RO         1547    .ARM.Collect$$libinit$$00000006  c_p.l(libinit2.o)
    0x0800023c   0x0800023c   0x00000000   Code   RO         1550    .ARM.Collect$$libinit$$0000000C  c_p.l(libinit2.o)
    0x0800023c   0x0800023c   0x00000000   Code   RO         1552    .ARM.Collect$$libinit$$0000000E  c_p.l(libinit2.o)
    0x0800023c   0x0800023c   0x00000000   Code   RO         1554    .ARM.Collect$$libinit$$00000010  c_p.l(libinit2.o)
    0x0800023c   0x0800023c   0x00000006   Code   RO         1555    .ARM.Collect$$libinit$$00000011  c_p.l(libinit2.o)
    0x08000242   0x08000242   0x00000000   Code   RO         1557    .ARM.Collect$$libinit$$00000013  c_p.l(libinit2.o)
    0x08000242   0x08000242   0x0000000c   Code   RO         1558    .ARM.Collect$$libinit$$00000014  c_p.l(libinit2.o)
    0x0800024e   0x0800024e   0x00000000   Code   RO         1559    .ARM.Collect$$libinit$$00000015  c_p.l(libinit2.o)
    0x0800024e   0x0800024e   0x00000000   Code   RO         1561    .ARM.Collect$$libinit$$00000017  c_p.l(libinit2.o)
    0x0800024e   0x0800024e   0x0000000a   Code   RO         1562    .ARM.Collect$$libinit$$00000018  c_p.l(libinit2.o)
    0x08000258   0x08000258   0x00000000   Code   RO         1563    .ARM.Collect$$libinit$$00000019  c_p.l(libinit2.o)
    0x08000258   0x08000258   0x00000000   Code   RO         1565    .ARM.Collect$$libinit$$0000001B  c_p.l(libinit2.o)
    0x08000258   0x08000258   0x00000000   Code   RO         1567    .ARM.Collect$$libinit$$0000001D  c_p.l(libinit2.o)
    0x08000258   0x08000258   0x00000000   Code   RO         1569    .ARM.Collect$$libinit$$0000001F  c_p.l(libinit2.o)
    0x08000258   0x08000258   0x00000000   Code   RO         1571    .ARM.Collect$$libinit$$00000021  c_p.l(libinit2.o)
    0x08000258   0x08000258   0x00000000   Code   RO         1573    .ARM.Collect$$libinit$$00000023  c_p.l(libinit2.o)
    0x08000258   0x08000258   0x00000000   Code   RO         1575    .ARM.Collect$$libinit$$00000025  c_p.l(libinit2.o)
    0x08000258   0x08000258   0x00000000   Code   RO         1577    .ARM.Collect$$libinit$$00000027  c_p.l(libinit2.o)
    0x08000258   0x08000258   0x00000000   Code   RO         1581    .ARM.Collect$$libinit$$0000002E  c_p.l(libinit2.o)
    0x08000258   0x08000258   0x00000000   Code   RO         1583    .ARM.Collect$$libinit$$00000030  c_p.l(libinit2.o)
    0x08000258   0x08000258   0x00000000   Code   RO         1585    .ARM.Collect$$libinit$$00000032  c_p.l(libinit2.o)
    0x08000258   0x08000258   0x00000000   Code   RO         1587    .ARM.Collect$$libinit$$00000034  c_p.l(libinit2.o)
    0x08000258   0x08000258   0x00000002   Code   RO         1588    .ARM.Collect$$libinit$$00000035  c_p.l(libinit2.o)
    0x0800025a   0x0800025a   0x00000002   Code   RO         1625    .ARM.Collect$$libshutdown$$00000000  c_p.l(libshutdown.o)
    0x0800025c   0x0800025c   0x00000000   Code   RO         1653    .ARM.Collect$$libshutdown$$00000002  c_p.l(libshutdown2.o)
    0x0800025c   0x0800025c   0x00000000   Code   RO         1655    .ARM.Collect$$libshutdown$$00000004  c_p.l(libshutdown2.o)
    0x0800025c   0x0800025c   0x00000000   Code   RO         1658    .ARM.Collect$$libshutdown$$00000007  c_p.l(libshutdown2.o)
    0x0800025c   0x0800025c   0x00000000   Code   RO         1661    .ARM.Collect$$libshutdown$$0000000A  c_p.l(libshutdown2.o)
    0x0800025c   0x0800025c   0x00000000   Code   RO         1663    .ARM.Collect$$libshutdown$$0000000C  c_p.l(libshutdown2.o)
    0x0800025c   0x0800025c   0x00000000   Code   RO         1666    .ARM.Collect$$libshutdown$$0000000F  c_p.l(libshutdown2.o)
    0x0800025c   0x0800025c   0x00000002   Code   RO         1667    .ARM.Collect$$libshutdown$$00000010  c_p.l(libshutdown2.o)
    0x0800025e   0x0800025e   0x00000000   Code   RO         1337    .ARM.Collect$$rtentry$$00000000  c_p.l(__rtentry.o)
    0x0800025e   0x0800025e   0x00000000   Code   RO         1447    .ARM.Collect$$rtentry$$00000002  c_p.l(__rtentry2.o)
    0x0800025e   0x0800025e   0x00000006   Code   RO         1459    .ARM.Collect$$rtentry$$00000004  c_p.l(__rtentry4.o)
    0x08000264   0x08000264   0x00000000   Code   RO         1449    .ARM.Collect$$rtentry$$00000009  c_p.l(__rtentry2.o)
    0x08000264   0x08000264   0x00000004   Code   RO         1450    .ARM.Collect$$rtentry$$0000000A  c_p.l(__rtentry2.o)
    0x08000268   0x08000268   0x00000000   Code   RO         1452    .ARM.Collect$$rtentry$$0000000C  c_p.l(__rtentry2.o)
    0x08000268   0x08000268   0x00000008   Code   RO         1453    .ARM.Collect$$rtentry$$0000000D  c_p.l(__rtentry2.o)
    0x08000270   0x08000270   0x00000002   Code   RO         1529    .ARM.Collect$$rtexit$$00000000  c_p.l(rtexit.o)
    0x08000272   0x08000272   0x00000000   Code   RO         1594    .ARM.Collect$$rtexit$$00000002  c_p.l(rtexit2.o)
    0x08000272   0x08000272   0x00000004   Code   RO         1595    .ARM.Collect$$rtexit$$00000003  c_p.l(rtexit2.o)
    0x08000276   0x08000276   0x00000006   Code   RO         1596    .ARM.Collect$$rtexit$$00000004  c_p.l(rtexit2.o)
    0x0800027c   0x0800027c   0x00000038   Code   RO         1309    .emb_text           c_p.l(rt_memcpy.o)
    0x080002b4   0x080002b4   0x00000038   Code   RO            4    .text               startup_stm32l073xx.o
    0x080002ec   0x080002ec   0x00000110   Code   RO         1303    .text               c_p.l(lludiv.o)
    0x080003fc   0x080003fc   0x00000024   Code   RO         1305    .text               c_p.l(vsprintf.o)
    0x08000420   0x08000420   0x0000005a   Code   RO         1307    .text               c_p.l(memcmp.o)
    0x0800047a   0x0800047a   0x00000082   Code   RO         1310    .text               c_p.l(rt_memcpy.o)
    0x080004fc   0x080004fc   0x00000040   Code   RO         1313    .text               c_p.l(rt_memclr.o)
    0x0800053c   0x0800053c   0x000000b0   Code   RO         1315    .text               c_p.l(strcmpv6m.o)
    0x080005ec   0x080005ec   0x000001f8   Code   RO         1317    .text               c_p.l(aeabi_sdivfast.o)
    0x080007e4   0x080007e4   0x00000006   Code   RO         1325    .text               c_p.l(heapauxi.o)
    0x080007ea   0x080007ea   0x00000002   PAD
    0x080007ec   0x080007ec   0x00000048   Code   RO         1329    .text               fz_ps.l(dfixui.o)
    0x08000834   0x08000834   0x00000058   Code   RO         1331    .text               fz_ps.l(dflti.o)
    0x0800088c   0x0800088c   0x00000248   Code   RO         1333    .text               fz_ps.l(dmul.o)
    0x08000ad4   0x08000ad4   0x0000004e   Code   RO         1348    .text               c_p.l(_printf_pad.o)
    0x08000b22   0x08000b22   0x00000024   Code   RO         1350    .text               c_p.l(_printf_truncate.o)
    0x08000b46   0x08000b46   0x00000052   Code   RO         1352    .text               c_p.l(_printf_str.o)
    0x08000b98   0x08000b98   0x0000006c   Code   RO         1354    .text               c_p.l(_printf_dec.o)
    0x08000c04   0x08000c04   0x00000026   Code   RO         1356    .text               c_p.l(_printf_charcount.o)
    0x08000c2a   0x08000c2a   0x00000002   PAD
    0x08000c2c   0x08000c2c   0x00000030   Code   RO         1358    .text               c_p.l(_printf_char_common.o)
    0x08000c5c   0x08000c5c   0x0000000a   Code   RO         1360    .text               c_p.l(_sputc.o)
    0x08000c66   0x08000c66   0x00000002   PAD
    0x08000c68   0x08000c68   0x000000bc   Code   RO         1362    .text               c_p.l(_printf_wctomb.o)
    0x08000d24   0x08000d24   0x00000070   Code   RO         1365    .text               c_p.l(_printf_longlong_dec.o)
    0x08000d94   0x08000d94   0x00000070   Code   RO         1371    .text               c_p.l(_printf_oct_int_ll.o)
    0x08000e04   0x08000e04   0x00000098   Code   RO         1391    .text               c_p.l(_printf_hex_int_ll_ptr.o)
    0x08000e9c   0x08000e9c   0x00000188   Code   RO         1411    .text               c_p.l(__printf_flags_ss_wp.o)
    0x08001024   0x08001024   0x0000007a   Code   RO         1463    .text               c_p.l(lludiv10.o)
    0x0800109e   0x0800109e   0x000000b0   Code   RO         1465    .text               c_p.l(_printf_intcommon.o)
    0x0800114e   0x0800114e   0x00000002   PAD
    0x08001150   0x08001150   0x00000414   Code   RO         1467    .text               c_p.l(_printf_fp_dec.o)
    0x08001564   0x08001564   0x000002d8   Code   RO         1471    .text               c_p.l(_printf_fp_hex.o)
    0x0800183c   0x0800183c   0x0000002e   Code   RO         1476    .text               c_p.l(_printf_char.o)
    0x0800186a   0x0800186a   0x0000002e   Code   RO         1478    .text               c_p.l(_printf_wchar.o)
    0x08001898   0x08001898   0x00000042   Code   RO         1481    .text               c_p.l(_c16rtomb.o)
    0x080018da   0x080018da   0x00000028   Code   RO         1483    .text               c_p.l(rtudiv10.o)
    0x08001902   0x08001902   0x0000003e   Code   RO         1485    .text               c_p.l(sys_stackheap_outer.o)
    0x08001940   0x08001940   0x00000010   Code   RO         1488    .text               c_p.l(rt_ctype_table.o)
    0x08001950   0x08001950   0x00000008   Code   RO         1493    .text               c_p.l(rt_locale_intlibspace.o)
    0x08001958   0x08001958   0x00000088   Code   RO         1495    .text               c_p.l(_printf_fp_infnan.o)
    0x080019e0   0x080019e0   0x000000d8   Code   RO         1497    .text               c_p.l(bigflt0.o)
    0x08001ab8   0x08001ab8   0x00000580   Code   RO         1500    .text               c_p.l(btod.o)
    0x08002038   0x08002038   0x00000010   Code   RO         1509    .text               c_p.l(exit.o)
    0x08002048   0x08002048   0x00000008   Code   RO         1525    .text               c_p.l(libspace.o)
    0x08002050   0x08002050   0x0000000c   Code   RO         1589    .text               c_p.l(sys_exit.o)
    0x0800205c   0x0800205c   0x00000002   Code   RO         1614    .text               c_p.l(use_no_semi.o)
    0x0800205e   0x0800205e   0x00000000   Code   RO         1616    .text               c_p.l(indicate_semi.o)
    0x0800205e   0x0800205e   0x00000002   PAD
    0x08002060   0x08002060   0x000000c8   Code   RO          171    .text.ADC_Enable    stm32l0xx_hal_adc.o
    0x08002128   0x08002128   0x00000188   Code   RO           59    .text.CMD_Process   command.o
    0x080022b0   0x080022b0   0x0000000a   Code   RO          122    .text.EXTI4_15_IRQHandler  stm32l0xx_it.o
    0x080022ba   0x080022ba   0x00000008   Code   RO           77    .text.Error_Handler  main.o
    0x080022c2   0x080022c2   0x00000002   PAD
    0x080022c4   0x080022c4   0x00000028   Code   RO           25    .text.GetNewChar    hw_vcom.o
    0x080022ec   0x080022ec   0x000000b4   Code   RO          221    .text.HAL_ADCEx_Calibration_Start  stm32l0xx_hal_adc_ex.o
    0x080023a0   0x080023a0   0x0000011c   Code   RO          205    .text.HAL_ADC_ConfigChannel  stm32l0xx_hal_adc.o
    0x080024bc   0x080024bc   0x00000006   Code   RO          193    .text.HAL_ADC_GetValue  stm32l0xx_hal_adc.o
    0x080024c2   0x080024c2   0x00000002   PAD
    0x080024c4   0x080024c4   0x000001c0   Code   RO          161    .text.HAL_ADC_Init  stm32l0xx_hal_adc.o
    0x08002684   0x08002684   0x00000054   Code   RO          141    .text.HAL_ADC_MspInit  stm32l0xx_hal_msp.o
    0x080026d8   0x080026d8   0x00000128   Code   RO          175    .text.HAL_ADC_PollForConversion  stm32l0xx_hal_adc.o
    0x08002800   0x08002800   0x00000064   Code   RO          169    .text.HAL_ADC_Start  stm32l0xx_hal_adc.o
    0x08002864   0x08002864   0x00000042   Code   RO          698    .text.HAL_DMA_Abort  stm32l0xx_hal_dma.o
    0x080028a6   0x080028a6   0x00000046   Code   RO          700    .text.HAL_DMA_Abort_IT  stm32l0xx_hal_dma.o
    0x080028ec   0x080028ec   0x00000002   Code   RO          680    .text.HAL_GPIO_EXTI_Callback  stm32l0xx_hal_gpio.o
    0x080028ee   0x080028ee   0x00000002   PAD
    0x080028f0   0x080028f0   0x00000018   Code   RO          678    .text.HAL_GPIO_EXTI_IRQHandler  stm32l0xx_hal_gpio.o
    0x08002908   0x08002908   0x00000188   Code   RO          666    .text.HAL_GPIO_Init  stm32l0xx_hal_gpio.o
    0x08002a90   0x08002a90   0x0000000a   Code   RO          670    .text.HAL_GPIO_ReadPin  stm32l0xx_hal_gpio.o
    0x08002a9a   0x08002a9a   0x00000010   Code   RO          672    .text.HAL_GPIO_WritePin  stm32l0xx_hal_gpio.o
    0x08002aaa   0x08002aaa   0x00000002   PAD
    0x08002aac   0x08002aac   0x00000008   Code   RO          255    .text.HAL_GetTick   stm32l0xx_hal.o
    0x08002ab4   0x08002ab4   0x00000014   Code   RO          253    .text.HAL_IncTick   stm32l0xx_hal.o
    0x08002ac8   0x08002ac8   0x00000028   Code   RO          243    .text.HAL_Init      stm32l0xx_hal.o
    0x08002af0   0x08002af0   0x00000044   Code   RO          245    .text.HAL_InitTick  stm32l0xx_hal.o
    0x08002b34   0x08002b34   0x00000018   Code   RO          139    .text.HAL_MspInit   stm32l0xx_hal_msp.o
    0x08002b4c   0x08002b4c   0x00000018   Code   RO          788    .text.HAL_NVIC_EnableIRQ  stm32l0xx_hal_cortex.o
    0x08002b64   0x08002b64   0x00000038   Code   RO          786    .text.HAL_NVIC_SetPriority  stm32l0xx_hal_cortex.o
    0x08002b9c   0x08002b9c   0x00000238   Code   RO          523    .text.HAL_RCCEx_PeriphCLKConfig  stm32l0xx_hal_rcc_ex.o
    0x08002dd4   0x08002dd4   0x00000208   Code   RO          495    .text.HAL_RCC_ClockConfig  stm32l0xx_hal_rcc.o
    0x08002fdc   0x08002fdc   0x00000014   Code   RO          503    .text.HAL_RCC_GetPCLK1Freq  stm32l0xx_hal_rcc.o
    0x08002ff0   0x08002ff0   0x00000020   Code   RO          505    .text.HAL_RCC_GetPCLK2Freq  stm32l0xx_hal_rcc.o
    0x08003010   0x08003010   0x00000074   Code   RO          493    .text.HAL_RCC_GetSysClockFreq  stm32l0xx_hal_rcc.o
    0x08003084   0x08003084   0x00000588   Code   RO          491    .text.HAL_RCC_OscConfig  stm32l0xx_hal_rcc.o
    0x0800360c   0x0800360c   0x00000034   Code   RO          794    .text.HAL_SYSTICK_Config  stm32l0xx_hal_cortex.o
    0x08003640   0x08003640   0x0000005c   Code   RO         1069    .text.HAL_TIMEx_MasterConfigSynchronization  stm32l0xx_hal_tim_ex.o
    0x0800369c   0x0800369c   0x0000001c   Code   RO         1071    .text.HAL_TIMEx_RemapConfig  stm32l0xx_hal_tim_ex.o
    0x080036b8   0x080036b8   0x000000ac   Code   RO          850    .text.HAL_TIM_Base_Init  stm32l0xx_hal_tim.o
    0x08003764   0x08003764   0x000000a0   Code   RO          145    .text.HAL_TIM_Base_MspInit  stm32l0xx_hal_msp.o
    0x08003804   0x08003804   0x00000050   Code   RO          858    .text.HAL_TIM_Base_Start  stm32l0xx_hal_tim.o
    0x08003854   0x08003854   0x00000064   Code   RO          862    .text.HAL_TIM_Base_Start_IT  stm32l0xx_hal_tim.o
    0x080038b8   0x080038b8   0x0000015c   Code   RO         1020    .text.HAL_TIM_ConfigClockSource  stm32l0xx_hal_tim.o
    0x08003a14   0x08003a14   0x00000088   Code   RO           83    .text.HAL_TIM_IC_CaptureCallback  main.o
    0x08003a9c   0x08003a9c   0x00000194   Code   RO          994    .text.HAL_TIM_IC_ConfigChannel  stm32l0xx_hal_tim.o
    0x08003c30   0x08003c30   0x000000ac   Code   RO          920    .text.HAL_TIM_IC_Init  stm32l0xx_hal_tim.o
    0x08003cdc   0x08003cdc   0x00000002   Code   RO          922    .text.HAL_TIM_IC_MspInit  stm32l0xx_hal_tim.o
    0x08003cde   0x08003cde   0x00000002   PAD
    0x08003ce0   0x08003ce0   0x000000c8   Code   RO          932    .text.HAL_TIM_IC_Start_IT  stm32l0xx_hal_tim.o
    0x08003da8   0x08003da8   0x00000116   Code   RO          980    .text.HAL_TIM_IRQHandler  stm32l0xx_hal_tim.o
    0x08003ebe   0x08003ebe   0x00000002   Code   RO          984    .text.HAL_TIM_OC_DelayElapsedCallback  stm32l0xx_hal_tim.o
    0x08003ec0   0x08003ec0   0x00000002   Code   RO          986    .text.HAL_TIM_PWM_PulseFinishedCallback  stm32l0xx_hal_tim.o
    0x08003ec2   0x08003ec2   0x00000002   PAD
    0x08003ec4   0x08003ec4   0x0000006c   Code   RO           79    .text.HAL_TIM_PeriodElapsedCallback  main.o
    0x08003f30   0x08003f30   0x00000016   Code   RO         1030    .text.HAL_TIM_ReadCapturedValue  stm32l0xx_hal_tim.o
    0x08003f46   0x08003f46   0x00000002   Code   RO          990    .text.HAL_TIM_TriggerCallback  stm32l0xx_hal_tim.o
    0x08003f48   0x08003f48   0x00000002   Code   RO         1167    .text.HAL_UARTEx_RxEventCallback  stm32l0xx_hal_uart.o
    0x08003f4a   0x08003f4a   0x00000002   Code   RO         1218    .text.HAL_UARTEx_WakeupCallback  stm32l0xx_hal_uart_ex.o
    0x08003f4c   0x08003f4c   0x00000008   Code   RO           21    .text.HAL_UART_ErrorCallback  hw_vcom.o
    0x08003f54   0x08003f54   0x000003ec   Code   RO         1161    .text.HAL_UART_IRQHandler  stm32l0xx_hal_uart.o
    0x08004340   0x08004340   0x0000006e   Code   RO         1081    .text.HAL_UART_Init  stm32l0xx_hal_uart.o
    0x080043ae   0x080043ae   0x00000002   PAD
    0x080043b0   0x080043b0   0x0000006c   Code   RO          149    .text.HAL_UART_MspInit  stm32l0xx_hal_msp.o
    0x0800441c   0x0800441c   0x00000070   Code   RO         1113    .text.HAL_UART_Receive_IT  stm32l0xx_hal_uart.o
    0x0800448c   0x0800448c   0x00000008   Code   RO           89    .text.HAL_UART_RxCpltCallback  main.o
    0x08004494   0x08004494   0x000000dc   Code   RO         1101    .text.HAL_UART_Transmit  stm32l0xx_hal_uart.o
    0x08004570   0x08004570   0x00000002   Code   RO           87    .text.HAL_UART_TxCpltCallback  main.o
    0x08004572   0x08004572   0x00000002   PAD
    0x08004574   0x08004574   0x000000a0   Code   RO           91    .text.HW_AdcReadChannel  main.o
    0x08004614   0x08004614   0x00000048   Code   RO           11    .text.HW_VCOM_Init  hw_vcom.o
    0x0800465c   0x0800465c   0x00000078   Code   RO           19    .text.HW_VCOM_RxCpltCallback  hw_vcom.o
    0x080046d4   0x080046d4   0x00000002   Code   RO          114    .text.HardFault_Handler  stm32l0xx_it.o
    0x080046d6   0x080046d6   0x00000002   PAD
    0x080046d8   0x080046d8   0x00000028   Code   RO           23    .text.IsNewCharReceived  hw_vcom.o
    0x08004700   0x08004700   0x00000002   Code   RO          112    .text.NMI_Handler   stm32l0xx_it.o
    0x08004702   0x08004702   0x00000002   Code   RO          118    .text.PendSV_Handler  stm32l0xx_it.o
    0x08004704   0x08004704   0x000000d8   Code   RO           15    .text.Printf        hw_vcom.o
    0x080047dc   0x080047dc   0x00000002   Code   RO          116    .text.SVC_Handler   stm32l0xx_it.o
    0x080047de   0x080047de   0x00000008   Code   RO          120    .text.SysTick_Handler  stm32l0xx_it.o
    0x080047e6   0x080047e6   0x00000002   Code   RO         1248    .text.SystemInit    system_stm32l0xx.o
    0x080047e8   0x080047e8   0x00000010   Code   RO          124    .text.TIM3_IRQHandler  stm32l0xx_it.o
    0x080047f8   0x080047f8   0x00000010   Code   RO          126    .text.TIM6_DAC_IRQHandler  stm32l0xx_it.o
    0x08004808   0x08004808   0x00000010   Code   RO          128    .text.TIM7_IRQHandler  stm32l0xx_it.o
    0x08004818   0x08004818   0x000000d2   Code   RO         1087    .text.UART_AdvFeatureConfig  stm32l0xx_hal_uart.o
    0x080048ea   0x080048ea   0x00000002   PAD
    0x080048ec   0x080048ec   0x000000d0   Code   RO         1089    .text.UART_CheckIdleState  stm32l0xx_hal_uart.o
    0x080049bc   0x080049bc   0x00000016   Code   RO         1163    .text.UART_DMAAbortOnError  stm32l0xx_hal_uart.o
    0x080049d2   0x080049d2   0x00000002   PAD
    0x080049d4   0x080049d4   0x000000d8   Code   RO         1199    .text.UART_RxISR_16BIT  stm32l0xx_hal_uart.o
    0x08004aac   0x08004aac   0x000000d8   Code   RO         1201    .text.UART_RxISR_8BIT  stm32l0xx_hal_uart.o
    0x08004b84   0x08004b84   0x0000022c   Code   RO         1085    .text.UART_SetConfig  stm32l0xx_hal_uart.o
    0x08004db0   0x08004db0   0x000000d4   Code   RO         1115    .text.UART_Start_Receive_IT  stm32l0xx_hal_uart.o
    0x08004e84   0x08004e84   0x000001a0   Code   RO         1103    .text.UART_WaitOnFlagUntilTimeout  stm32l0xx_hal_uart.o
    0x08005024   0x08005024   0x0000000c   Code   RO          130    .text.USART2_IRQHandler  stm32l0xx_it.o
    0x08005030   0x08005030   0x0000003c   Code   RO           53    .text.at_led2_get   command.o
    0x0800506c   0x0800506c   0x00000020   Code   RO           55    .text.at_led2_set   command.o
    0x0800508c   0x0800508c   0x00000020   Code   RO           51    .text.at_reset      command.o
    0x080050ac   0x080050ac   0x00000004   Code   RO           41    .text.at_return_error  at.o
    0x080050b0   0x080050b0   0x0000031c   Code   RO           73    .text.main          main.o
    0x080053cc   0x080053cc   0x000001f6   Code   RO         1318    .text_divfast       c_p.l(aeabi_sdivfast.o)
    0x080055c2   0x080055c2   0x00000030   Code   RO         1502    i.__ARM_common_ll_muluu  c_p.l(btod.o)
    0x080055f2   0x080055f2   0x00000002   PAD
    0x080055f4   0x080055f4   0x0000002c   Code   RO         1523    i.__ARM_fpclassify  m_ps.l(fpclassify.o)
    0x08005620   0x08005620   0x0000000e   Code   RO         1404    i._is_digit         c_p.l(__printf_wp.o)
    0x0800562e   0x0800562e   0x00000002   PAD
    0x08005630   0x08005630   0x0000002c   Code   RO         1507    locale$$code        c_p.l(lc_numeric_c.o)
    0x0800565c   0x0800565c   0x0000002c   Code   RO         1536    locale$$code        c_p.l(lc_ctype_c.o)
    0x08005688   0x08005688   0x00000010   Code   RO         1437    x$fpl$printf1       fz_ps.l(printf1.o)
    0x08005698   0x08005698   0x00000010   Code   RO         1439    x$fpl$printf2       fz_ps.l(printf2.o)
    0x080056a8   0x080056a8   0x00000000   Code   RO         1445    x$fpl$usenofp       fz_ps.l(usenofp.o)
    0x080056a8   0x080056a8   0x00000008   Data   RO         1363    .constdata          c_p.l(_printf_wctomb.o)
    0x080056b0   0x080056b0   0x00000028   Data   RO         1392    .constdata          c_p.l(_printf_hex_int_ll_ptr.o)
    0x080056d8   0x080056d8   0x00000011   Data   RO         1412    .constdata          c_p.l(__printf_flags_ss_wp.o)
    0x080056e9   0x080056e9   0x00000026   Data   RO         1472    .constdata          c_p.l(_printf_fp_hex.o)
    0x0800570f   0x0800570f   0x00000001   PAD
    0x08005710   0x08005710   0x00000094   Data   RO         1498    .constdata          c_p.l(bigflt0.o)
    0x080057a4   0x080057a4   0x00000010   Data   RO         1253    .rodata.AHBPrescTable  system_stm32l0xx.o
    0x080057b4   0x080057b4   0x00000008   Data   RO         1254    .rodata.APBPrescTable  system_stm32l0xx.o
    0x080057bc   0x080057bc   0x00000030   Data   RO           64    .rodata.ATCommand   command.o
    0x080057ec   0x080057ec   0x00000009   Data   RO         1255    .rodata.PLLMulTable  system_stm32l0xx.o
    0x080057f5   0x080057f5   0x00000003   PAD
    0x080057f8   0x080057f8   0x00000030   Data   RO         1060    .rodata.cst16       stm32l0xx_hal_tim.o
    0x08005828   0x08005828   0x00000010   Data   RO         1207    .rodata.cst16       stm32l0xx_hal_uart.o
    0x08005838   0x08005838   0x00000158   Data   RO           63    .rodata.str1.1      command.o
    0x08005990   0x08005990   0x0000002f   Data   RO          101    .rodata.str1.1      main.o
    0x080059bf   0x080059bf   0x00000001   PAD
    0x080059c0   0x080059c0   0x00000020   Data   RO         1669    Region$$Table       anon$$obj.o
    0x080059e0   0x080059e0   0x0000001c   Data   RO         1506    locale$$data        c_p.l(lc_numeric_c.o)
    0x080059fc   0x080059fc   0x00000110   Data   RO         1535    locale$$data        c_p.l(lc_ctype_c.o)


    Execution Region RW_IRAM1 (Exec base: 0x20000000, Load base: 0x08005b10, Size: 0x00000ac0, Max: 0x00005000, ABSOLUTE)

    Exec Addr    Load Addr    Size         Type   Attr      Idx    E Section Name        Object

    0x20000000   0x08005b10   0x00000008   Data   RW          306    .data..L_MergedGlobals  stm32l0xx_hal.o
    0x20000008   0x08005b18   0x00000001   Data   RW           99    .data.HAL_TIM_IC_CaptureCallback.is_rising  main.o
    0x20000009   0x08005b19   0x00000003   PAD
    0x2000000c   0x08005b1c   0x00000004   Data   RW         1252    .data.SystemCoreClock  system_stm32l0xx.o
    0x20000010        -       0x00000060   Zero   RW         1526    .bss                c_p.l(libspace.o)
    0x20000070        -       0x0000000c   Zero   RW           30    .bss..L_MergedGlobals  hw_vcom.o
    0x2000007c        -       0x00000048   Zero   RW          103    .bss..L_MergedGlobals  main.o
    0x200000c4        -       0x00000080   Zero   RW           61    .bss.CMD_Process.command  command.o
    0x20000144        -       0x00000004   Zero   RW           62    .bss.CMD_Process.i  command.o
    0x20000148        -       0x00000100   Zero   RW           28    .bss.buff           hw_vcom.o
    0x20000248        -       0x0000005c   Zero   RW          100    .bss.hadc           main.o
    0x200002a4        -       0x00000040   Zero   RW           96    .bss.htim6          main.o
    0x200002e4        -       0x00000040   Zero   RW           97    .bss.htim7          main.o
    0x20000324        -       0x00000088   Zero   RW           98    .bss.huart2         main.o
    0x200003ac        -       0x0000010c   Zero   RW           29    .bss.uart_context   hw_vcom.o
    0x200004b8        -       0x00000004   Zero   RW          305    .bss.uwTick         stm32l0xx_hal.o
    0x200004bc   0x08005b20   0x00000004   PAD
    0x200004c0        -       0x00000200   Zero   RW            2    HEAP                startup_stm32l073xx.o
    0x200006c0        -       0x00000400   Zero   RW            1    STACK               startup_stm32l073xx.o


==============================================================================

Image component sizes


      Code (inc. data)   RO Data    RW Data    ZI Data      Debug   Object Name

         4          0          0          0          0        885   at.o
       516        116        392          0        132       4291   command.o
       496         76          0          0        536       7041   hw_vcom.o
      1218        152         47          1        428      14267   main.o
        56         26        192          0       1536        612   startup_stm32l073xx.o
       136         16          0          8          4       6832   stm32l0xx_hal.o
      1334         48          0          0          0      14507   stm32l0xx_hal_adc.o
       180          0          0          0          0       5472   stm32l0xx_hal_adc_ex.o
       132         24          0          0          0       6616   stm32l0xx_hal_cortex.o
       136          0          0          0          0       7802   stm32l0xx_hal_dma.o
       444         16          0          0          0       5058   stm32l0xx_hal_gpio.o
       376         28          0          0          0       9205   stm32l0xx_hal_msp.o
      2104        104          0          0          0       9908   stm32l0xx_hal_rcc.o
       568          8          0          0          0       8630   stm32l0xx_hal_rcc_ex.o
      1784         64         48          0          0      56393   stm32l0xx_hal_tim.o
       120          0          0          0          0       4412   stm32l0xx_hal_tim_ex.o
      3504        138         16          0          0      41773   stm32l0xx_hal_uart.o
         2          0          0          0          0       9944   stm32l0xx_hal_uart_ex.o
        86         12          0          0          0       2036   stm32l0xx_it.o
         2          0         33          4          0       2090   system_stm32l0xx.o

    ----------------------------------------------------------------------
     13220        828        764         16       2640     217774   Object Totals
         0          0         32          0          0          0   (incl. Generated)
        22          0          4          3          4          0   (incl. Padding)

    ----------------------------------------------------------------------

      Code (inc. data)   RO Data    RW Data    ZI Data      Debug   Library Member Name

         8          0          0          0          0         68   __main.o
       392          6         17          0          0         76   __printf_flags_ss_wp.o
        14          0          0          0          0         60   __printf_wp.o
         0          0          0          0          0          0   __rtentry.o
        12          0          0          0          0          0   __rtentry2.o
         6          0          0          0          0          0   __rtentry4.o
        86         10          0          0          0          0   __scatter.o
        26          0          0          0          0          0   __scatter_copy.o
        28          0          0          0          0          0   __scatter_zi.o
        66          0          0          0          0         76   _c16rtomb.o
        10          0          0          0          0          0   _printf_a.o
        10          0          0          0          0          0   _printf_c.o
        46          0          0          0          0        100   _printf_char.o
        48          6          0          0          0         88   _printf_char_common.o
        38          0          0          0          0         60   _printf_charcount.o
        10          0          0          0          0          0   _printf_d.o
       108         18          0          0          0         76   _printf_dec.o
        10          0          0          0          0          0   _printf_e.o
        10          0          0          0          0          0   _printf_f.o
      1044         12          0          0          0        116   _printf_fp_dec.o
       728         10         38          0          0         84   _printf_fp_hex.o
       136         16          0          0          0         76   _printf_fp_infnan.o
        10          0          0          0          0          0   _printf_g.o
       152          4         40          0          0        148   _printf_hex_int_ll_ptr.o
        10          0          0          0          0          0   _printf_i.o
       176          0          0          0          0         84   _printf_intcommon.o
        10          0          0          0          0          0   _printf_l.o
        10          0          0          0          0          0   _printf_lc.o
        10          0          0          0          0          0   _printf_ll.o
        10          0          0          0          0          0   _printf_lld.o
        10          0          0          0          0          0   _printf_lli.o
        10          0          0          0          0          0   _printf_llo.o
        10          0          0          0          0          0   _printf_llu.o
        10          0          0          0          0          0   _printf_llx.o
       112         18          0          0          0         76   _printf_longlong_dec.o
        10          0          0          0          0          0   _printf_ls.o
        10          0          0          0          0          0   _printf_n.o
        10          0          0          0          0          0   _printf_o.o
       112         10          0          0          0        112   _printf_oct_int_ll.o
        10          0          0          0          0          0   _printf_p.o
        78          0          0          0          0        100   _printf_pad.o
         2          0          0          0          0          0   _printf_percent.o
         4          0          0          0          0          0   _printf_percent_end.o
        10          0          0          0          0          0   _printf_s.o
        82          0          0          0          0         72   _printf_str.o
        36          0          0          0          0         76   _printf_truncate.o
        10          0          0          0          0          0   _printf_u.o
        46          0          0          0          0        100   _printf_wchar.o
       188          6          8          0          0         80   _printf_wctomb.o
        10          0          0          0          0          0   _printf_x.o
        10          0          0          0          0         60   _sputc.o
      1006          4          0          0          0        184   aeabi_sdivfast.o
       216          6        148          0          0         80   bigflt0.o
      1456         30          0          0          0        336   btod.o
        16          0          0          0          0         68   exit.o
         6          0          0          0          0        136   heapauxi.o
         0          0          0          0          0          0   indicate_semi.o
        44         10        272          0          0         76   lc_ctype_c.o
        44         10         28          0          0         76   lc_numeric_c.o
         2          0          0          0          0          0   libinit.o
        30          0          0          0          0          0   libinit2.o
         2          0          0          0          0          0   libshutdown.o
         2          0          0          0          0          0   libshutdown2.o
         8          4          0          0         96         68   libspace.o
       272          0          0          0          0         88   lludiv.o
       122          0          0          0          0         72   lludiv10.o
        90          0          0          0          0         68   memcmp.o
        16          4          0          0          0         76   rt_ctype_table.o
         8          4          0          0          0         68   rt_locale_intlibspace.o
        64          0          0          0          0        108   rt_memclr.o
       186          0          0          0          0        144   rt_memcpy.o
         2          0          0          0          0          0   rtexit.o
        10          0          0          0          0          0   rtexit2.o
        40          0          0          0          0         60   rtudiv10.o
       176          4          0          0          0         80   strcmpv6m.o
        12          4          0          0          0         60   sys_exit.o
        62          0          0          0          0         80   sys_stackheap_outer.o
         2          0          0          0          0         68   use_no_semi.o
        36          4          0          0          0         68   vsprintf.o
        72          4          0          0          0         68   dfixui.o
        88          0          0          0          0         92   dflti.o
       584         26          0          0          0         84   dmul.o
        16          4          0          0          0         76   printf1.o
        16          4          0          0          0         76   printf2.o
         0          0          0          0          0          0   usenofp.o
        44          4          0          0          0         60   fpclassify.o

    ----------------------------------------------------------------------
      8772        242        552          0         96       4308   Library Totals
        18          0          1          0          0          0   (incl. Padding)

    ----------------------------------------------------------------------

      Code (inc. data)   RO Data    RW Data    ZI Data      Debug   Library Name

      7934        200        551          0         96       3852   c_p.l
       776         38          0          0          0        396   fz_ps.l
        44          4          0          0          0         60   m_ps.l

    ----------------------------------------------------------------------
      8772        242        552          0         96       4308   Library Totals

    ----------------------------------------------------------------------

==============================================================================


      Code (inc. data)   RO Data    RW Data    ZI Data      Debug   

     21992       1070       1316         16       2736     219682   Grand Totals
     21992       1070       1316         16       2736     219682   ELF Image Totals
     21992       1070       1316         16          0          0   ROM Totals

==============================================================================

    Total RO  Size (Code + RO Data)                23308 (  22.76kB)
    Total RW  Size (RW Data + ZI Data)              2752 (   2.69kB)
    Total ROM Size (Code + RO Data + RW Data)      23324 (  22.78kB)

==============================================================================

